#2026 05 17 17:43:49.280#Z#DEBUG#ce142cac-5217-11f1-9eb0-eeee0a904712.bookscapm-db-deployer#flowable-async-job-executor-thread-1263#
[PollStageAppStatusExecution] 42bfd433-a562-4d5f-b4b1-2970d7ec218d [2026-05-17T17:43:04.219020] Added process: "web" (STDOUT, API)#
#2026 05 17 17:43:49.280#Z#DEBUG#ce142cac-5217-11f1-9eb0-eeee0a904712.bookscapm-db-deployer#flowable-async-job-executor-thread-1263#
[PollStageAppStatusExecution] 42bfd433-a562-4d5f-b4b1-2970d7ec218d [2026-05-17T17:43:04.227698] Created app with guid 42bfd433-a562-4d5f-b4b1-2970d7ec218d (STDOUT, API)#
#2026 05 17 17:43:49.280#Z#DEBUG#ce142cac-5217-11f1-9eb0-eeee0a904712.bookscapm-db-deployer#flowable-async-job-executor-thread-1263#
[PollStageAppStatusExecution] 42bfd433-a562-4d5f-b4b1-2970d7ec218d [2026-05-17T17:43:04.344030] Updating process: "web" (STDOUT, API)#
#2026 05 17 17:43:49.280#Z#DEBUG#ce142cac-5217-11f1-9eb0-eeee0a904712.bookscapm-db-deployer#flowable-async-job-executor-thread-1263#
[PollStageAppStatusExecution] 42bfd433-a562-4d5f-b4b1-2970d7ec218d [2026-05-17T17:43:04.417846] Scaling process: "web" (STDOUT, API)#
#2026 05 17 17:43:49.280#Z#DEBUG#ce142cac-5217-11f1-9eb0-eeee0a904712.bookscapm-db-deployer#flowable-async-job-executor-thread-1263#
[PollStageAppStatusExecution] 42bfd433-a562-4d5f-b4b1-2970d7ec218d [2026-05-17T17:43:29.516369] Uploading app package for app with guid 42bfd433-a562-4d5f-b4b1-2970d7ec218d (STDOUT, API)#
#2026 05 17 17:43:49.280#Z#DEBUG#ce142cac-5217-11f1-9eb0-eeee0a904712.bookscapm-db-deployer#flowable-async-job-executor-thread-1263#
[PollStageAppStatusExecution] 42bfd433-a562-4d5f-b4b1-2970d7ec218d [2026-05-17T17:43:29.780349] Updated app with guid 42bfd433-a562-4d5f-b4b1-2970d7ec218d ({"environment_variables"=>"[PRIVATE DATA HIDDEN]"}) (STDOUT, API)#
#2026 05 17 17:43:49.280#Z#DEBUG#ce142cac-5217-11f1-9eb0-eeee0a904712.bookscapm-db-deployer#flowable-async-job-executor-thread-1263#
[PollStageAppStatusExecution] 42bfd433-a562-4d5f-b4b1-2970d7ec218d [2026-05-17T17:43:39.424737] Creating build for app with guid 42bfd433-a562-4d5f-b4b1-2970d7ec218d (STDOUT, API)#
#2026 05 17 17:43:49.280#Z#DEBUG#ce142cac-5217-11f1-9eb0-eeee0a904712.bookscapm-db-deployer#flowable-async-job-executor-thread-1263#
[PollStageAppStatusExecution] 42bfd433-a562-4d5f-b4b1-2970d7ec218d [2026-05-17T17:43:39.747322] Downloading nodejs_buildpack... (STDOUT, STG)#
#2026 05 17 17:43:49.280#Z#DEBUG#ce142cac-5217-11f1-9eb0-eeee0a904712.bookscapm-db-deployer#flowable-async-job-executor-thread-1263#
[PollStageAppStatusExecution] 42bfd433-a562-4d5f-b4b1-2970d7ec218d [2026-05-17T17:43:39.787959] Downloaded nodejs_buildpack (STDOUT, STG)#
#2026 05 17 17:43:49.280#Z#DEBUG#ce142cac-5217-11f1-9eb0-eeee0a904712.bookscapm-db-deployer#flowable-async-job-executor-thread-1263#
[PollStageAppStatusExecution] 42bfd433-a562-4d5f-b4b1-2970d7ec218d [2026-05-17T17:43:39.788147] Cell 4401fcd0-006d-4ceb-9b51-aa22a1b186cf creating container for instance 8e04bfe5-3849-498b-b592-d2de6d2db13a (STDOUT, STG)#
#2026 05 17 17:43:49.280#Z#DEBUG#ce142cac-5217-11f1-9eb0-eeee0a904712.bookscapm-db-deployer#flowable-async-job-executor-thread-1263#
[PollStageAppStatusExecution] 42bfd433-a562-4d5f-b4b1-2970d7ec218d [2026-05-17T17:43:40.735879] Security group rules were updated (STDOUT, STG)#
#2026 05 17 17:43:49.280#Z#DEBUG#ce142cac-5217-11f1-9eb0-eeee0a904712.bookscapm-db-deployer#flowable-async-job-executor-thread-1263#
[PollStageAppStatusExecution] 42bfd433-a562-4d5f-b4b1-2970d7ec218d [2026-05-17T17:43:40.883804] Cell 4401fcd0-006d-4ceb-9b51-aa22a1b186cf successfully created container for instance 8e04bfe5-3849-498b-b592-d2de6d2db13a (STDOUT, STG)#
#2026 05 17 17:43:49.280#Z#DEBUG#ce142cac-5217-11f1-9eb0-eeee0a904712.bookscapm-db-deployer#flowable-async-job-executor-thread-1263#
[PollStageAppStatusExecution] 42bfd433-a562-4d5f-b4b1-2970d7ec218d [2026-05-17T17:43:41.601551] Downloading app package... (STDOUT, STG)#
#2026 05 17 17:43:49.280#Z#DEBUG#ce142cac-5217-11f1-9eb0-eeee0a904712.bookscapm-db-deployer#flowable-async-job-executor-thread-1263#
[PollStageAppStatusExecution] 42bfd433-a562-4d5f-b4b1-2970d7ec218d [2026-05-17T17:43:42.123539] Downloaded app package (2.3M) (STDOUT, STG)#
#2026 05 17 17:43:49.280#Z#DEBUG#ce142cac-5217-11f1-9eb0-eeee0a904712.bookscapm-db-deployer#flowable-async-job-executor-thread-1263#
[PollStageAppStatusExecution] 42bfd433-a562-4d5f-b4b1-2970d7ec218d [2026-05-17T17:43:42.315470] -----> Nodejs Buildpack version 1.8.44 (STDOUT, STG)#
#2026 05 17 17:43:49.280#Z#DEBUG#ce142cac-5217-11f1-9eb0-eeee0a904712.bookscapm-db-deployer#flowable-async-job-executor-thread-1263#
[PollStageAppStatusExecution] 42bfd433-a562-4d5f-b4b1-2970d7ec218d [2026-05-17T17:43:42.571947] -----> Bootstrapping python (STDOUT, STG)#
#2026 05 17 17:43:49.280#Z#DEBUG#ce142cac-5217-11f1-9eb0-eeee0a904712.bookscapm-db-deployer#flowable-async-job-executor-thread-1263#
[PollStageAppStatusExecution] 42bfd433-a562-4d5f-b4b1-2970d7ec218d [2026-05-17T17:43:42.571980] -----> Installing python 3.11.14 (STDOUT, STG)#
#2026 05 17 17:43:49.280#Z#DEBUG#ce142cac-5217-11f1-9eb0-eeee0a904712.bookscapm-db-deployer#flowable-async-job-executor-thread-1263#
[PollStageAppStatusExecution] 42bfd433-a562-4d5f-b4b1-2970d7ec218d [2026-05-17T17:43:42.572150] Copy [/tmp/buildpacks/ee597f2be8090397/dependencies/b5e0345ae0ae1932e7d56fffaa49a487/python_3.11.14_linux_x64_cflinuxfs4_66f53248.tgz] (STDOUT, STG)#
#2026 05 17 17:43:59.263#Z#DEBUG#ce142cac-5217-11f1-9eb0-eeee0a904712.bookscapm-db-deployer#flowable-async-job-executor-thread-1267#
[PollStageAppStatusExecution] 42bfd433-a562-4d5f-b4b1-2970d7ec218d [2026-05-17T17:43:50.525936] -----> Installing binaries (STDOUT, STG)#
#2026 05 17 17:43:59.263#Z#DEBUG#ce142cac-5217-11f1-9eb0-eeee0a904712.bookscapm-db-deployer#flowable-async-job-executor-thread-1267#
[PollStageAppStatusExecution] 42bfd433-a562-4d5f-b4b1-2970d7ec218d [2026-05-17T17:43:50.526273] engines.node (package.json): >=18 (STDOUT, STG)#
#2026 05 17 17:43:59.263#Z#DEBUG#ce142cac-5217-11f1-9eb0-eeee0a904712.bookscapm-db-deployer#flowable-async-job-executor-thread-1267#
[PollStageAppStatusExecution] 42bfd433-a562-4d5f-b4b1-2970d7ec218d [2026-05-17T17:43:50.526356] engines.npm (package.json): unspecified (use default) (STDOUT, STG)#
#2026 05 17 17:43:59.263#Z#DEBUG#ce142cac-5217-11f1-9eb0-eeee0a904712.bookscapm-db-deployer#flowable-async-job-executor-thread-1267#
[PollStageAppStatusExecution] 42bfd433-a562-4d5f-b4b1-2970d7ec218d [2026-05-17T17:43:50.526509] [31;1m**WARNING**[0m Dangerous semver range (>) in engines.node. See: http://docs.cloudfoundry.org/buildpacks/node/node-tips.html (STDOUT, STG)#
#2026 05 17 17:43:59.263#Z#DEBUG#ce142cac-5217-11f1-9eb0-eeee0a904712.bookscapm-db-deployer#flowable-async-job-executor-thread-1267#
[PollStageAppStatusExecution] 42bfd433-a562-4d5f-b4b1-2970d7ec218d [2026-05-17T17:43:50.526672] -----> Installing node 24.13.0 (STDOUT, STG)#
#2026 05 17 17:43:59.263#Z#DEBUG#ce142cac-5217-11f1-9eb0-eeee0a904712.bookscapm-db-deployer#flowable-async-job-executor-thread-1267#
[PollStageAppStatusExecution] 42bfd433-a562-4d5f-b4b1-2970d7ec218d [2026-05-17T17:43:50.526971] Copy [/tmp/buildpacks/ee597f2be8090397/dependencies/2f5692219fecc3eee6e6d507a6bfe7b9/node_24.13.0_linux_x64_cflinuxfs4_a816dee1.tgz] (STDOUT, STG)#
#2026 05 17 17:43:59.263#Z#DEBUG#ce142cac-5217-11f1-9eb0-eeee0a904712.bookscapm-db-deployer#flowable-async-job-executor-thread-1267#
[PollStageAppStatusExecution] 42bfd433-a562-4d5f-b4b1-2970d7ec218d [2026-05-17T17:43:55.175955] Using default npm version: 11.6.2 (STDOUT, STG)#
#2026 05 17 17:43:59.264#Z#DEBUG#ce142cac-5217-11f1-9eb0-eeee0a904712.bookscapm-db-deployer#flowable-async-job-executor-thread-1267#
[PollStageAppStatusExecution] 42bfd433-a562-4d5f-b4b1-2970d7ec218d [2026-05-17T17:43:55.176213] -----> Installing yarn 1.22.22 (STDOUT, STG)#
#2026 05 17 17:43:59.264#Z#DEBUG#ce142cac-5217-11f1-9eb0-eeee0a904712.bookscapm-db-deployer#flowable-async-job-executor-thread-1267#
[PollStageAppStatusExecution] 42bfd433-a562-4d5f-b4b1-2970d7ec218d [2026-05-17T17:43:55.176332] Copy [/tmp/buildpacks/ee597f2be8090397/dependencies/e3a39aedd1236924d69cc2d0637a8ed2/yarn_1.22.22_linux_noarch_any-stack_4911d0a6.tgz] (STDOUT, STG)#
#2026 05 17 17:43:59.264#Z#DEBUG#ce142cac-5217-11f1-9eb0-eeee0a904712.bookscapm-db-deployer#flowable-async-job-executor-thread-1267#
[PollStageAppStatusExecution] 42bfd433-a562-4d5f-b4b1-2970d7ec218d [2026-05-17T17:43:55.872146] Installed yarn 1.22.22 (STDOUT, STG)#
#2026 05 17 17:43:59.264#Z#DEBUG#ce142cac-5217-11f1-9eb0-eeee0a904712.bookscapm-db-deployer#flowable-async-job-executor-thread-1267#
[PollStageAppStatusExecution] 42bfd433-a562-4d5f-b4b1-2970d7ec218d [2026-05-17T17:43:55.872360] -----> Creating runtime environment (STDOUT, STG)#
#2026 05 17 17:43:59.264#Z#DEBUG#ce142cac-5217-11f1-9eb0-eeee0a904712.bookscapm-db-deployer#flowable-async-job-executor-thread-1267#
[PollStageAppStatusExecution] 42bfd433-a562-4d5f-b4b1-2970d7ec218d [2026-05-17T17:43:55.875083] NODE_ENV=production (STDOUT, STG)#
#2026 05 17 17:43:59.264#Z#DEBUG#ce142cac-5217-11f1-9eb0-eeee0a904712.bookscapm-db-deployer#flowable-async-job-executor-thread-1267#
[PollStageAppStatusExecution] 42bfd433-a562-4d5f-b4b1-2970d7ec218d [2026-05-17T17:43:55.875133] NODE_HOME=/tmp/contents2742723825/deps/0/node (STDOUT, STG)#
#2026 05 17 17:43:59.264#Z#DEBUG#ce142cac-5217-11f1-9eb0-eeee0a904712.bookscapm-db-deployer#flowable-async-job-executor-thread-1267#
[PollStageAppStatusExecution] 42bfd433-a562-4d5f-b4b1-2970d7ec218d [2026-05-17T17:43:55.875139] NODE_MODULES_CACHE=true (STDOUT, STG)#
#2026 05 17 17:43:59.264#Z#DEBUG#ce142cac-5217-11f1-9eb0-eeee0a904712.bookscapm-db-deployer#flowable-async-job-executor-thread-1267#
[PollStageAppStatusExecution] 42bfd433-a562-4d5f-b4b1-2970d7ec218d [2026-05-17T17:43:55.875144] NODE_VERBOSE=false (STDOUT, STG)#
#2026 05 17 17:43:59.264#Z#DEBUG#ce142cac-5217-11f1-9eb0-eeee0a904712.bookscapm-db-deployer#flowable-async-job-executor-thread-1267#
[PollStageAppStatusExecution] 42bfd433-a562-4d5f-b4b1-2970d7ec218d [2026-05-17T17:43:55.875248] NPM_CONFIG_LOGLEVEL=error (STDOUT, STG)#
#2026 05 17 17:43:59.264#Z#DEBUG#ce142cac-5217-11f1-9eb0-eeee0a904712.bookscapm-db-deployer#flowable-async-job-executor-thread-1267#
[PollStageAppStatusExecution] 42bfd433-a562-4d5f-b4b1-2970d7ec218d [2026-05-17T17:43:55.875289] NPM_CONFIG_PRODUCTION=true (STDOUT, STG)#
#2026 05 17 17:43:59.264#Z#DEBUG#ce142cac-5217-11f1-9eb0-eeee0a904712.bookscapm-db-deployer#flowable-async-job-executor-thread-1267#
[PollStageAppStatusExecution] 42bfd433-a562-4d5f-b4b1-2970d7ec218d [2026-05-17T17:43:55.875375] -----> Building dependencies (STDOUT, STG)#
#2026 05 17 17:43:59.264#Z#DEBUG#ce142cac-5217-11f1-9eb0-eeee0a904712.bookscapm-db-deployer#flowable-async-job-executor-thread-1267#
[PollStageAppStatusExecution] 42bfd433-a562-4d5f-b4b1-2970d7ec218d [2026-05-17T17:43:55.875415] Prebuild detected (node_modules already exists) (STDOUT, STG)#
#2026 05 17 17:43:59.264#Z#DEBUG#ce142cac-5217-11f1-9eb0-eeee0a904712.bookscapm-db-deployer#flowable-async-job-executor-thread-1267#
[PollStageAppStatusExecution] 42bfd433-a562-4d5f-b4b1-2970d7ec218d [2026-05-17T17:43:55.875481] Rebuilding any native modules (STDOUT, STG)#
#2026 05 17 17:43:59.264#Z#DEBUG#ce142cac-5217-11f1-9eb0-eeee0a904712.bookscapm-db-deployer#flowable-async-job-executor-thread-1267#
[PollStageAppStatusExecution] 42bfd433-a562-4d5f-b4b1-2970d7ec218d [2026-05-17T17:43:56.783895] rebuilt dependencies successfully (STDOUT, STG)#
#2026 05 17 17:43:59.264#Z#DEBUG#ce142cac-5217-11f1-9eb0-eeee0a904712.bookscapm-db-deployer#flowable-async-job-executor-thread-1267#
[PollStageAppStatusExecution] 42bfd433-a562-4d5f-b4b1-2970d7ec218d [2026-05-17T17:43:56.897557] Installing any new modules (package.json + package-lock.json) (STDOUT, STG)#
#2026 05 17 17:43:59.264#Z#DEBUG#ce142cac-5217-11f1-9eb0-eeee0a904712.bookscapm-db-deployer#flowable-async-job-executor-thread-1267#
[PollStageAppStatusExecution] 42bfd433-a562-4d5f-b4b1-2970d7ec218d [2026-05-17T17:43:57.637731] up to date in 607ms (STDOUT, STG)#
#2026 05 17 17:43:59.264#Z#DEBUG#ce142cac-5217-11f1-9eb0-eeee0a904712.bookscapm-db-deployer#flowable-async-job-executor-thread-1267#
[PollStageAppStatusExecution] 42bfd433-a562-4d5f-b4b1-2970d7ec218d [2026-05-17T17:43:57.638624] 4 packages are looking for funding (STDOUT, STG)#
#2026 05 17 17:43:59.264#Z#DEBUG#ce142cac-5217-11f1-9eb0-eeee0a904712.bookscapm-db-deployer#flowable-async-job-executor-thread-1267#
[PollStageAppStatusExecution] 42bfd433-a562-4d5f-b4b1-2970d7ec218d [2026-05-17T17:43:57.638926] run `npm fund` for details (STDOUT, STG)#
#2026 05 17 17:43:59.264#Z#DEBUG#ce142cac-5217-11f1-9eb0-eeee0a904712.bookscapm-db-deployer#flowable-async-job-executor-thread-1267#
[PollStageAppStatusExecution] 42bfd433-a562-4d5f-b4b1-2970d7ec218d [2026-05-17T17:43:58.707678] Contrast Security no credentials found. Will not write environment files. (STDOUT, STG)#
#2026 05 17 17:44:19.304#Z#DEBUG#ce142cac-5217-11f1-9eb0-eeee0a904712.bookscapm-db-deployer#flowable-async-job-executor-thread-1274#
[PollStageAppStatusExecution] 42bfd433-a562-4d5f-b4b1-2970d7ec218d [2026-05-17T17:44:15.180616] Exit status 0 (STDOUT, STG)#
#2026 05 17 17:44:19.304#Z#DEBUG#ce142cac-5217-11f1-9eb0-eeee0a904712.bookscapm-db-deployer#flowable-async-job-executor-thread-1274#
[PollStageAppStatusExecution] 42bfd433-a562-4d5f-b4b1-2970d7ec218d [2026-05-17T17:44:15.180730] Uploading droplet, build artifacts cache... (STDOUT, STG)#
#2026 05 17 17:44:19.304#Z#DEBUG#ce142cac-5217-11f1-9eb0-eeee0a904712.bookscapm-db-deployer#flowable-async-job-executor-thread-1274#
[PollStageAppStatusExecution] 42bfd433-a562-4d5f-b4b1-2970d7ec218d [2026-05-17T17:44:15.180858] Uploading build artifacts cache... (STDOUT, STG)#
#2026 05 17 17:44:19.304#Z#DEBUG#ce142cac-5217-11f1-9eb0-eeee0a904712.bookscapm-db-deployer#flowable-async-job-executor-thread-1274#
[PollStageAppStatusExecution] 42bfd433-a562-4d5f-b4b1-2970d7ec218d [2026-05-17T17:44:15.180888] Uploading droplet... (STDOUT, STG)#
#2026 05 17 17:44:19.304#Z#DEBUG#ce142cac-5217-11f1-9eb0-eeee0a904712.bookscapm-db-deployer#flowable-async-job-executor-thread-1274#
[PollStageAppStatusExecution] 42bfd433-a562-4d5f-b4b1-2970d7ec218d [2026-05-17T17:44:15.221883] Uploaded build artifacts cache (216B) (STDOUT, STG)#
#2026 05 17 17:44:19.304#Z#DEBUG#ce142cac-5217-11f1-9eb0-eeee0a904712.bookscapm-db-deployer#flowable-async-job-executor-thread-1274#
[PollStageAppStatusExecution] 42bfd433-a562-4d5f-b4b1-2970d7ec218d [2026-05-17T17:44:16.197829] Creating droplet for app with guid 42bfd433-a562-4d5f-b4b1-2970d7ec218d (STDOUT, API)#
#2026 05 17 17:44:19.304#Z#DEBUG#ce142cac-5217-11f1-9eb0-eeee0a904712.bookscapm-db-deployer#flowable-async-job-executor-thread-1274#
[PollStageAppStatusExecution] 42bfd433-a562-4d5f-b4b1-2970d7ec218d [2026-05-17T17:44:17.294811] Uploaded droplet (58.4M) (STDOUT, STG)#
#2026 05 17 17:44:19.304#Z#DEBUG#ce142cac-5217-11f1-9eb0-eeee0a904712.bookscapm-db-deployer#flowable-async-job-executor-thread-1274#
[PollStageAppStatusExecution] 42bfd433-a562-4d5f-b4b1-2970d7ec218d [2026-05-17T17:44:17.329922] Uploading complete (STDOUT, STG)#
#2026 05 17 17:44:19.304#Z#DEBUG#ce142cac-5217-11f1-9eb0-eeee0a904712.bookscapm-db-deployer#flowable-async-job-executor-thread-1274#
[PollStageAppStatusExecution] 42bfd433-a562-4d5f-b4b1-2970d7ec218d [2026-05-17T17:44:18.473792] Cell 4401fcd0-006d-4ceb-9b51-aa22a1b186cf stopping instance 8e04bfe5-3849-498b-b592-d2de6d2db13a (STDOUT, STG)#
#2026 05 17 17:44:19.304#Z#DEBUG#ce142cac-5217-11f1-9eb0-eeee0a904712.bookscapm-db-deployer#flowable-async-job-executor-thread-1274#
[PollStageAppStatusExecution] 42bfd433-a562-4d5f-b4b1-2970d7ec218d [2026-05-17T17:44:18.473842] Cell 4401fcd0-006d-4ceb-9b51-aa22a1b186cf destroying container for instance 8e04bfe5-3849-498b-b592-d2de6d2db13a (STDOUT, STG)#
#2026 05 17 17:44:19.304#Z#DEBUG#ce142cac-5217-11f1-9eb0-eeee0a904712.bookscapm-db-deployer#flowable-async-job-executor-thread-1274#
[PollStageAppStatusExecution] 42bfd433-a562-4d5f-b4b1-2970d7ec218d [2026-05-17T17:44:18.526667] Staging complete for build 8e04bfe5-3849-498b-b592-d2de6d2db13a (STDOUT, API)#
#2026 05 17 17:44:29.374#Z#DEBUG#ce142cac-5217-11f1-9eb0-eeee0a904712.bookscapm-db-deployer#flowable-async-job-executor-thread-1282#
[PollExecuteTaskStatusExecution] 42bfd433-a562-4d5f-b4b1-2970d7ec218d [2026-05-17T17:43:04.219020] Added process: "web" (STDOUT, API)#
#2026 05 17 17:44:29.374#Z#DEBUG#ce142cac-5217-11f1-9eb0-eeee0a904712.bookscapm-db-deployer#flowable-async-job-executor-thread-1282#
[PollExecuteTaskStatusExecution] 42bfd433-a562-4d5f-b4b1-2970d7ec218d [2026-05-17T17:43:04.227698] Created app with guid 42bfd433-a562-4d5f-b4b1-2970d7ec218d (STDOUT, API)#
#2026 05 17 17:44:29.374#Z#DEBUG#ce142cac-5217-11f1-9eb0-eeee0a904712.bookscapm-db-deployer#flowable-async-job-executor-thread-1282#
[PollExecuteTaskStatusExecution] 42bfd433-a562-4d5f-b4b1-2970d7ec218d [2026-05-17T17:43:04.344030] Updating process: "web" (STDOUT, API)#
#2026 05 17 17:44:29.374#Z#DEBUG#ce142cac-5217-11f1-9eb0-eeee0a904712.bookscapm-db-deployer#flowable-async-job-executor-thread-1282#
[PollExecuteTaskStatusExecution] 42bfd433-a562-4d5f-b4b1-2970d7ec218d [2026-05-17T17:43:04.417846] Scaling process: "web" (STDOUT, API)#
#2026 05 17 17:44:29.374#Z#DEBUG#ce142cac-5217-11f1-9eb0-eeee0a904712.bookscapm-db-deployer#flowable-async-job-executor-thread-1282#
[PollExecuteTaskStatusExecution] 42bfd433-a562-4d5f-b4b1-2970d7ec218d [2026-05-17T17:43:29.516369] Uploading app package for app with guid 42bfd433-a562-4d5f-b4b1-2970d7ec218d (STDOUT, API)#
#2026 05 17 17:44:29.374#Z#DEBUG#ce142cac-5217-11f1-9eb0-eeee0a904712.bookscapm-db-deployer#flowable-async-job-executor-thread-1282#
[PollExecuteTaskStatusExecution] 42bfd433-a562-4d5f-b4b1-2970d7ec218d [2026-05-17T17:43:29.780349] Updated app with guid 42bfd433-a562-4d5f-b4b1-2970d7ec218d ({"environment_variables"=>"[PRIVATE DATA HIDDEN]"}) (STDOUT, API)#
#2026 05 17 17:44:29.374#Z#DEBUG#ce142cac-5217-11f1-9eb0-eeee0a904712.bookscapm-db-deployer#flowable-async-job-executor-thread-1282#
[PollExecuteTaskStatusExecution] 42bfd433-a562-4d5f-b4b1-2970d7ec218d [2026-05-17T17:43:39.424737] Creating build for app with guid 42bfd433-a562-4d5f-b4b1-2970d7ec218d (STDOUT, API)#
#2026 05 17 17:44:29.374#Z#DEBUG#ce142cac-5217-11f1-9eb0-eeee0a904712.bookscapm-db-deployer#flowable-async-job-executor-thread-1282#
[PollExecuteTaskStatusExecution] 42bfd433-a562-4d5f-b4b1-2970d7ec218d [2026-05-17T17:43:39.747322] Downloading nodejs_buildpack... (STDOUT, STG)#
#2026 05 17 17:44:29.374#Z#DEBUG#ce142cac-5217-11f1-9eb0-eeee0a904712.bookscapm-db-deployer#flowable-async-job-executor-thread-1282#
[PollExecuteTaskStatusExecution] 42bfd433-a562-4d5f-b4b1-2970d7ec218d [2026-05-17T17:43:39.787959] Downloaded nodejs_buildpack (STDOUT, STG)#
#2026 05 17 17:44:29.374#Z#DEBUG#ce142cac-5217-11f1-9eb0-eeee0a904712.bookscapm-db-deployer#flowable-async-job-executor-thread-1282#
[PollExecuteTaskStatusExecution] 42bfd433-a562-4d5f-b4b1-2970d7ec218d [2026-05-17T17:43:39.788147] Cell 4401fcd0-006d-4ceb-9b51-aa22a1b186cf creating container for instance 8e04bfe5-3849-498b-b592-d2de6d2db13a (STDOUT, STG)#
#2026 05 17 17:44:29.374#Z#DEBUG#ce142cac-5217-11f1-9eb0-eeee0a904712.bookscapm-db-deployer#flowable-async-job-executor-thread-1282#
[PollExecuteTaskStatusExecution] 42bfd433-a562-4d5f-b4b1-2970d7ec218d [2026-05-17T17:43:40.735879] Security group rules were updated (STDOUT, STG)#
#2026 05 17 17:44:29.374#Z#DEBUG#ce142cac-5217-11f1-9eb0-eeee0a904712.bookscapm-db-deployer#flowable-async-job-executor-thread-1282#
[PollExecuteTaskStatusExecution] 42bfd433-a562-4d5f-b4b1-2970d7ec218d [2026-05-17T17:43:40.883804] Cell 4401fcd0-006d-4ceb-9b51-aa22a1b186cf successfully created container for instance 8e04bfe5-3849-498b-b592-d2de6d2db13a (STDOUT, STG)#
#2026 05 17 17:44:29.374#Z#DEBUG#ce142cac-5217-11f1-9eb0-eeee0a904712.bookscapm-db-deployer#flowable-async-job-executor-thread-1282#
[PollExecuteTaskStatusExecution] 42bfd433-a562-4d5f-b4b1-2970d7ec218d [2026-05-17T17:43:41.601551] Downloading app package... (STDOUT, STG)#
#2026 05 17 17:44:29.374#Z#DEBUG#ce142cac-5217-11f1-9eb0-eeee0a904712.bookscapm-db-deployer#flowable-async-job-executor-thread-1282#
[PollExecuteTaskStatusExecution] 42bfd433-a562-4d5f-b4b1-2970d7ec218d [2026-05-17T17:43:42.123539] Downloaded app package (2.3M) (STDOUT, STG)#
#2026 05 17 17:44:29.374#Z#DEBUG#ce142cac-5217-11f1-9eb0-eeee0a904712.bookscapm-db-deployer#flowable-async-job-executor-thread-1282#
[PollExecuteTaskStatusExecution] 42bfd433-a562-4d5f-b4b1-2970d7ec218d [2026-05-17T17:43:42.315470] -----> Nodejs Buildpack version 1.8.44 (STDOUT, STG)#
#2026 05 17 17:44:29.374#Z#DEBUG#ce142cac-5217-11f1-9eb0-eeee0a904712.bookscapm-db-deployer#flowable-async-job-executor-thread-1282#
[PollExecuteTaskStatusExecution] 42bfd433-a562-4d5f-b4b1-2970d7ec218d [2026-05-17T17:43:42.571947] -----> Bootstrapping python (STDOUT, STG)#
#2026 05 17 17:44:29.374#Z#DEBUG#ce142cac-5217-11f1-9eb0-eeee0a904712.bookscapm-db-deployer#flowable-async-job-executor-thread-1282#
[PollExecuteTaskStatusExecution] 42bfd433-a562-4d5f-b4b1-2970d7ec218d [2026-05-17T17:43:42.571980] -----> Installing python 3.11.14 (STDOUT, STG)#
#2026 05 17 17:44:29.374#Z#DEBUG#ce142cac-5217-11f1-9eb0-eeee0a904712.bookscapm-db-deployer#flowable-async-job-executor-thread-1282#
[PollExecuteTaskStatusExecution] 42bfd433-a562-4d5f-b4b1-2970d7ec218d [2026-05-17T17:43:42.572150] Copy [/tmp/buildpacks/ee597f2be8090397/dependencies/b5e0345ae0ae1932e7d56fffaa49a487/python_3.11.14_linux_x64_cflinuxfs4_66f53248.tgz] (STDOUT, STG)#
#2026 05 17 17:44:29.374#Z#DEBUG#ce142cac-5217-11f1-9eb0-eeee0a904712.bookscapm-db-deployer#flowable-async-job-executor-thread-1282#
[PollExecuteTaskStatusExecution] 42bfd433-a562-4d5f-b4b1-2970d7ec218d [2026-05-17T17:43:50.525936] -----> Installing binaries (STDOUT, STG)#
#2026 05 17 17:44:29.374#Z#DEBUG#ce142cac-5217-11f1-9eb0-eeee0a904712.bookscapm-db-deployer#flowable-async-job-executor-thread-1282#
[PollExecuteTaskStatusExecution] 42bfd433-a562-4d5f-b4b1-2970d7ec218d [2026-05-17T17:43:50.526273] engines.node (package.json): >=18 (STDOUT, STG)#
#2026 05 17 17:44:29.374#Z#DEBUG#ce142cac-5217-11f1-9eb0-eeee0a904712.bookscapm-db-deployer#flowable-async-job-executor-thread-1282#
[PollExecuteTaskStatusExecution] 42bfd433-a562-4d5f-b4b1-2970d7ec218d [2026-05-17T17:43:50.526356] engines.npm (package.json): unspecified (use default) (STDOUT, STG)#
#2026 05 17 17:44:29.374#Z#DEBUG#ce142cac-5217-11f1-9eb0-eeee0a904712.bookscapm-db-deployer#flowable-async-job-executor-thread-1282#
[PollExecuteTaskStatusExecution] 42bfd433-a562-4d5f-b4b1-2970d7ec218d [2026-05-17T17:43:50.526509] [31;1m**WARNING**[0m Dangerous semver range (>) in engines.node. See: http://docs.cloudfoundry.org/buildpacks/node/node-tips.html (STDOUT, STG)#
#2026 05 17 17:44:29.374#Z#DEBUG#ce142cac-5217-11f1-9eb0-eeee0a904712.bookscapm-db-deployer#flowable-async-job-executor-thread-1282#
[PollExecuteTaskStatusExecution] 42bfd433-a562-4d5f-b4b1-2970d7ec218d [2026-05-17T17:43:50.526672] -----> Installing node 24.13.0 (STDOUT, STG)#
#2026 05 17 17:44:29.374#Z#DEBUG#ce142cac-5217-11f1-9eb0-eeee0a904712.bookscapm-db-deployer#flowable-async-job-executor-thread-1282#
[PollExecuteTaskStatusExecution] 42bfd433-a562-4d5f-b4b1-2970d7ec218d [2026-05-17T17:43:50.526971] Copy [/tmp/buildpacks/ee597f2be8090397/dependencies/2f5692219fecc3eee6e6d507a6bfe7b9/node_24.13.0_linux_x64_cflinuxfs4_a816dee1.tgz] (STDOUT, STG)#
#2026 05 17 17:44:29.374#Z#DEBUG#ce142cac-5217-11f1-9eb0-eeee0a904712.bookscapm-db-deployer#flowable-async-job-executor-thread-1282#
[PollExecuteTaskStatusExecution] 42bfd433-a562-4d5f-b4b1-2970d7ec218d [2026-05-17T17:43:55.175955] Using default npm version: 11.6.2 (STDOUT, STG)#
#2026 05 17 17:44:29.374#Z#DEBUG#ce142cac-5217-11f1-9eb0-eeee0a904712.bookscapm-db-deployer#flowable-async-job-executor-thread-1282#
[PollExecuteTaskStatusExecution] 42bfd433-a562-4d5f-b4b1-2970d7ec218d [2026-05-17T17:43:55.176213] -----> Installing yarn 1.22.22 (STDOUT, STG)#
#2026 05 17 17:44:29.374#Z#DEBUG#ce142cac-5217-11f1-9eb0-eeee0a904712.bookscapm-db-deployer#flowable-async-job-executor-thread-1282#
[PollExecuteTaskStatusExecution] 42bfd433-a562-4d5f-b4b1-2970d7ec218d [2026-05-17T17:43:55.176332] Copy [/tmp/buildpacks/ee597f2be8090397/dependencies/e3a39aedd1236924d69cc2d0637a8ed2/yarn_1.22.22_linux_noarch_any-stack_4911d0a6.tgz] (STDOUT, STG)#
#2026 05 17 17:44:29.374#Z#DEBUG#ce142cac-5217-11f1-9eb0-eeee0a904712.bookscapm-db-deployer#flowable-async-job-executor-thread-1282#
[PollExecuteTaskStatusExecution] 42bfd433-a562-4d5f-b4b1-2970d7ec218d [2026-05-17T17:43:55.872146] Installed yarn 1.22.22 (STDOUT, STG)#
#2026 05 17 17:44:29.374#Z#DEBUG#ce142cac-5217-11f1-9eb0-eeee0a904712.bookscapm-db-deployer#flowable-async-job-executor-thread-1282#
[PollExecuteTaskStatusExecution] 42bfd433-a562-4d5f-b4b1-2970d7ec218d [2026-05-17T17:43:55.872360] -----> Creating runtime environment (STDOUT, STG)#
#2026 05 17 17:44:29.374#Z#DEBUG#ce142cac-5217-11f1-9eb0-eeee0a904712.bookscapm-db-deployer#flowable-async-job-executor-thread-1282#
[PollExecuteTaskStatusExecution] 42bfd433-a562-4d5f-b4b1-2970d7ec218d [2026-05-17T17:43:55.875083] NODE_ENV=production (STDOUT, STG)#
#2026 05 17 17:44:29.374#Z#DEBUG#ce142cac-5217-11f1-9eb0-eeee0a904712.bookscapm-db-deployer#flowable-async-job-executor-thread-1282#
[PollExecuteTaskStatusExecution] 42bfd433-a562-4d5f-b4b1-2970d7ec218d [2026-05-17T17:43:55.875133] NODE_HOME=/tmp/contents2742723825/deps/0/node (STDOUT, STG)#
#2026 05 17 17:44:29.374#Z#DEBUG#ce142cac-5217-11f1-9eb0-eeee0a904712.bookscapm-db-deployer#flowable-async-job-executor-thread-1282#
[PollExecuteTaskStatusExecution] 42bfd433-a562-4d5f-b4b1-2970d7ec218d [2026-05-17T17:43:55.875139] NODE_MODULES_CACHE=true (STDOUT, STG)#
#2026 05 17 17:44:29.374#Z#DEBUG#ce142cac-5217-11f1-9eb0-eeee0a904712.bookscapm-db-deployer#flowable-async-job-executor-thread-1282#
[PollExecuteTaskStatusExecution] 42bfd433-a562-4d5f-b4b1-2970d7ec218d [2026-05-17T17:43:55.875144] NODE_VERBOSE=false (STDOUT, STG)#
#2026 05 17 17:44:29.374#Z#DEBUG#ce142cac-5217-11f1-9eb0-eeee0a904712.bookscapm-db-deployer#flowable-async-job-executor-thread-1282#
[PollExecuteTaskStatusExecution] 42bfd433-a562-4d5f-b4b1-2970d7ec218d [2026-05-17T17:43:55.875248] NPM_CONFIG_LOGLEVEL=error (STDOUT, STG)#
#2026 05 17 17:44:29.374#Z#DEBUG#ce142cac-5217-11f1-9eb0-eeee0a904712.bookscapm-db-deployer#flowable-async-job-executor-thread-1282#
[PollExecuteTaskStatusExecution] 42bfd433-a562-4d5f-b4b1-2970d7ec218d [2026-05-17T17:43:55.875289] NPM_CONFIG_PRODUCTION=true (STDOUT, STG)#
#2026 05 17 17:44:29.374#Z#DEBUG#ce142cac-5217-11f1-9eb0-eeee0a904712.bookscapm-db-deployer#flowable-async-job-executor-thread-1282#
[PollExecuteTaskStatusExecution] 42bfd433-a562-4d5f-b4b1-2970d7ec218d [2026-05-17T17:43:55.875375] -----> Building dependencies (STDOUT, STG)#
#2026 05 17 17:44:29.374#Z#DEBUG#ce142cac-5217-11f1-9eb0-eeee0a904712.bookscapm-db-deployer#flowable-async-job-executor-thread-1282#
[PollExecuteTaskStatusExecution] 42bfd433-a562-4d5f-b4b1-2970d7ec218d [2026-05-17T17:43:55.875415] Prebuild detected (node_modules already exists) (STDOUT, STG)#
#2026 05 17 17:44:29.374#Z#DEBUG#ce142cac-5217-11f1-9eb0-eeee0a904712.bookscapm-db-deployer#flowable-async-job-executor-thread-1282#
[PollExecuteTaskStatusExecution] 42bfd433-a562-4d5f-b4b1-2970d7ec218d [2026-05-17T17:43:55.875481] Rebuilding any native modules (STDOUT, STG)#
#2026 05 17 17:44:29.374#Z#DEBUG#ce142cac-5217-11f1-9eb0-eeee0a904712.bookscapm-db-deployer#flowable-async-job-executor-thread-1282#
[PollExecuteTaskStatusExecution] 42bfd433-a562-4d5f-b4b1-2970d7ec218d [2026-05-17T17:43:56.783895] rebuilt dependencies successfully (STDOUT, STG)#
#2026 05 17 17:44:29.374#Z#DEBUG#ce142cac-5217-11f1-9eb0-eeee0a904712.bookscapm-db-deployer#flowable-async-job-executor-thread-1282#
[PollExecuteTaskStatusExecution] 42bfd433-a562-4d5f-b4b1-2970d7ec218d [2026-05-17T17:43:56.897557] Installing any new modules (package.json + package-lock.json) (STDOUT, STG)#
#2026 05 17 17:44:29.374#Z#DEBUG#ce142cac-5217-11f1-9eb0-eeee0a904712.bookscapm-db-deployer#flowable-async-job-executor-thread-1282#
[PollExecuteTaskStatusExecution] 42bfd433-a562-4d5f-b4b1-2970d7ec218d [2026-05-17T17:43:57.637731] up to date in 607ms (STDOUT, STG)#
#2026 05 17 17:44:29.374#Z#DEBUG#ce142cac-5217-11f1-9eb0-eeee0a904712.bookscapm-db-deployer#flowable-async-job-executor-thread-1282#
[PollExecuteTaskStatusExecution] 42bfd433-a562-4d5f-b4b1-2970d7ec218d [2026-05-17T17:43:57.638624] 4 packages are looking for funding (STDOUT, STG)#
#2026 05 17 17:44:29.374#Z#DEBUG#ce142cac-5217-11f1-9eb0-eeee0a904712.bookscapm-db-deployer#flowable-async-job-executor-thread-1282#
[PollExecuteTaskStatusExecution] 42bfd433-a562-4d5f-b4b1-2970d7ec218d [2026-05-17T17:43:57.638926] run `npm fund` for details (STDOUT, STG)#
#2026 05 17 17:44:29.374#Z#DEBUG#ce142cac-5217-11f1-9eb0-eeee0a904712.bookscapm-db-deployer#flowable-async-job-executor-thread-1282#
[PollExecuteTaskStatusExecution] 42bfd433-a562-4d5f-b4b1-2970d7ec218d [2026-05-17T17:43:58.707678] Contrast Security no credentials found. Will not write environment files. (STDOUT, STG)#
#2026 05 17 17:44:29.374#Z#DEBUG#ce142cac-5217-11f1-9eb0-eeee0a904712.bookscapm-db-deployer#flowable-async-job-executor-thread-1282#
[PollExecuteTaskStatusExecution] 42bfd433-a562-4d5f-b4b1-2970d7ec218d [2026-05-17T17:44:15.180616] Exit status 0 (STDOUT, STG)#
#2026 05 17 17:44:29.374#Z#DEBUG#ce142cac-5217-11f1-9eb0-eeee0a904712.bookscapm-db-deployer#flowable-async-job-executor-thread-1282#
[PollExecuteTaskStatusExecution] 42bfd433-a562-4d5f-b4b1-2970d7ec218d [2026-05-17T17:44:15.180730] Uploading droplet, build artifacts cache... (STDOUT, STG)#
#2026 05 17 17:44:29.374#Z#DEBUG#ce142cac-5217-11f1-9eb0-eeee0a904712.bookscapm-db-deployer#flowable-async-job-executor-thread-1282#
[PollExecuteTaskStatusExecution] 42bfd433-a562-4d5f-b4b1-2970d7ec218d [2026-05-17T17:44:15.180858] Uploading build artifacts cache... (STDOUT, STG)#
#2026 05 17 17:44:29.374#Z#DEBUG#ce142cac-5217-11f1-9eb0-eeee0a904712.bookscapm-db-deployer#flowable-async-job-executor-thread-1282#
[PollExecuteTaskStatusExecution] 42bfd433-a562-4d5f-b4b1-2970d7ec218d [2026-05-17T17:44:15.180888] Uploading droplet... (STDOUT, STG)#
#2026 05 17 17:44:29.374#Z#DEBUG#ce142cac-5217-11f1-9eb0-eeee0a904712.bookscapm-db-deployer#flowable-async-job-executor-thread-1282#
[PollExecuteTaskStatusExecution] 42bfd433-a562-4d5f-b4b1-2970d7ec218d [2026-05-17T17:44:15.221883] Uploaded build artifacts cache (216B) (STDOUT, STG)#
#2026 05 17 17:44:29.374#Z#DEBUG#ce142cac-5217-11f1-9eb0-eeee0a904712.bookscapm-db-deployer#flowable-async-job-executor-thread-1282#
[PollExecuteTaskStatusExecution] 42bfd433-a562-4d5f-b4b1-2970d7ec218d [2026-05-17T17:44:16.197829] Creating droplet for app with guid 42bfd433-a562-4d5f-b4b1-2970d7ec218d (STDOUT, API)#
#2026 05 17 17:44:29.374#Z#DEBUG#ce142cac-5217-11f1-9eb0-eeee0a904712.bookscapm-db-deployer#flowable-async-job-executor-thread-1282#
[PollExecuteTaskStatusExecution] 42bfd433-a562-4d5f-b4b1-2970d7ec218d [2026-05-17T17:44:17.294811] Uploaded droplet (58.4M) (STDOUT, STG)#
#2026 05 17 17:44:29.374#Z#DEBUG#ce142cac-5217-11f1-9eb0-eeee0a904712.bookscapm-db-deployer#flowable-async-job-executor-thread-1282#
[PollExecuteTaskStatusExecution] 42bfd433-a562-4d5f-b4b1-2970d7ec218d [2026-05-17T17:44:17.329922] Uploading complete (STDOUT, STG)#
#2026 05 17 17:44:29.375#Z#DEBUG#ce142cac-5217-11f1-9eb0-eeee0a904712.bookscapm-db-deployer#flowable-async-job-executor-thread-1282#
[PollExecuteTaskStatusExecution] 42bfd433-a562-4d5f-b4b1-2970d7ec218d [2026-05-17T17:44:18.473792] Cell 4401fcd0-006d-4ceb-9b51-aa22a1b186cf stopping instance 8e04bfe5-3849-498b-b592-d2de6d2db13a (STDOUT, STG)#
#2026 05 17 17:44:29.375#Z#DEBUG#ce142cac-5217-11f1-9eb0-eeee0a904712.bookscapm-db-deployer#flowable-async-job-executor-thread-1282#
[PollExecuteTaskStatusExecution] 42bfd433-a562-4d5f-b4b1-2970d7ec218d [2026-05-17T17:44:18.473842] Cell 4401fcd0-006d-4ceb-9b51-aa22a1b186cf destroying container for instance 8e04bfe5-3849-498b-b592-d2de6d2db13a (STDOUT, STG)#
#2026 05 17 17:44:29.375#Z#DEBUG#ce142cac-5217-11f1-9eb0-eeee0a904712.bookscapm-db-deployer#flowable-async-job-executor-thread-1282#
[PollExecuteTaskStatusExecution] 42bfd433-a562-4d5f-b4b1-2970d7ec218d [2026-05-17T17:44:18.526667] Staging complete for build 8e04bfe5-3849-498b-b592-d2de6d2db13a (STDOUT, API)#
#2026 05 17 17:44:29.375#Z#DEBUG#ce142cac-5217-11f1-9eb0-eeee0a904712.bookscapm-db-deployer#flowable-async-job-executor-thread-1282#
[PollExecuteTaskStatusExecution] 42bfd433-a562-4d5f-b4b1-2970d7ec218d [2026-05-17T17:44:19.386775] Updated app with guid 42bfd433-a562-4d5f-b4b1-2970d7ec218d ({:droplet_guid=>"89cd2fcd-4f88-4fac-828d-b664c6909f82"}) (STDOUT, API)#
#2026 05 17 17:44:29.375#Z#DEBUG#ce142cac-5217-11f1-9eb0-eeee0a904712.bookscapm-db-deployer#flowable-async-job-executor-thread-1282#
[PollExecuteTaskStatusExecution] 42bfd433-a562-4d5f-b4b1-2970d7ec218d [2026-05-17T17:44:19.898422] Cell 3697da87-6170-41a4-acb7-9186f1527dfa creating container for instance 1003d48a-d3b4-4ac1-8e14-56e85d687012 (STDOUT, CELL)#
#2026 05 17 17:44:29.375#Z#DEBUG#ce142cac-5217-11f1-9eb0-eeee0a904712.bookscapm-db-deployer#flowable-async-job-executor-thread-1282#
[PollExecuteTaskStatusExecution] 42bfd433-a562-4d5f-b4b1-2970d7ec218d [2026-05-17T17:44:20.520412] Security group rules were updated (STDOUT, CELL)#
#2026 05 17 17:44:29.375#Z#DEBUG#ce142cac-5217-11f1-9eb0-eeee0a904712.bookscapm-db-deployer#flowable-async-job-executor-thread-1282#
[PollExecuteTaskStatusExecution] 42bfd433-a562-4d5f-b4b1-2970d7ec218d [2026-05-17T17:44:20.658622] Cell 3697da87-6170-41a4-acb7-9186f1527dfa successfully created container for instance 1003d48a-d3b4-4ac1-8e14-56e85d687012 (STDOUT, CELL)#
#2026 05 17 17:44:29.375#Z#DEBUG#ce142cac-5217-11f1-9eb0-eeee0a904712.bookscapm-db-deployer#flowable-async-job-executor-thread-1282#
[PollExecuteTaskStatusExecution] 42bfd433-a562-4d5f-b4b1-2970d7ec218d [2026-05-17T17:44:22.915951] Cell 4401fcd0-006d-4ceb-9b51-aa22a1b186cf successfully destroyed container for instance 8e04bfe5-3849-498b-b592-d2de6d2db13a (STDOUT, STG)#
#2026 05 17 17:44:29.375#Z#DEBUG#ce142cac-5217-11f1-9eb0-eeee0a904712.bookscapm-db-deployer#flowable-async-job-executor-thread-1282#
[PollExecuteTaskStatusExecution] 42bfd433-a562-4d5f-b4b1-2970d7ec218d [2026-05-17T17:44:26.147565] Invoking pre-start scripts. (STDOUT, APP/TASK/deploy)#
#2026 05 17 17:44:29.375#Z#DEBUG#ce142cac-5217-11f1-9eb0-eeee0a904712.bookscapm-db-deployer#flowable-async-job-executor-thread-1282#
[PollExecuteTaskStatusExecution] 42bfd433-a562-4d5f-b4b1-2970d7ec218d [2026-05-17T17:44:26.362032] Invoking start command. (STDOUT, APP/TASK/deploy)#
#2026 05 17 17:44:29.375#Z#DEBUG#ce142cac-5217-11f1-9eb0-eeee0a904712.bookscapm-db-deployer#flowable-async-job-executor-thread-1282#
[PollExecuteTaskStatusExecution] 42bfd433-a562-4d5f-b4b1-2970d7ec218d [2026-05-17T17:44:26.813510] > start (STDOUT, APP/TASK/deploy)#
#2026 05 17 17:44:29.375#Z#DEBUG#ce142cac-5217-11f1-9eb0-eeee0a904712.bookscapm-db-deployer#flowable-async-job-executor-thread-1282#
[PollExecuteTaskStatusExecution] 42bfd433-a562-4d5f-b4b1-2970d7ec218d [2026-05-17T17:44:26.813529] > node node_modules/@sap/hdi-deploy/deploy.js --use-hdb --parameter com.sap.hana.di.table/try_fast_table_migration=true (STDOUT, APP/TASK/deploy)#
#2026 05 17 17:44:29.375#Z#DEBUG#ce142cac-5217-11f1-9eb0-eeee0a904712.bookscapm-db-deployer#flowable-async-job-executor-thread-1282#
[PollExecuteTaskStatusExecution] 42bfd433-a562-4d5f-b4b1-2970d7ec218d [2026-05-17T17:44:26.976566] VCAP_SERVICES: (STDOUT, APP/TASK/deploy)#
#2026 05 17 17:44:29.375#Z#DEBUG#ce142cac-5217-11f1-9eb0-eeee0a904712.bookscapm-db-deployer#flowable-async-job-executor-thread-1282#
[PollExecuteTaskStatusExecution] 42bfd433-a562-4d5f-b4b1-2970d7ec218d [2026-05-17T17:44:26.976975] { (STDOUT, APP/TASK/deploy)#
#2026 05 17 17:44:29.375#Z#DEBUG#ce142cac-5217-11f1-9eb0-eeee0a904712.bookscapm-db-deployer#flowable-async-job-executor-thread-1282#
[PollExecuteTaskStatusExecution] 42bfd433-a562-4d5f-b4b1-2970d7ec218d [2026-05-17T17:44:26.976990] "hana": [ (STDOUT, APP/TASK/deploy)#
#2026 05 17 17:44:29.375#Z#DEBUG#ce142cac-5217-11f1-9eb0-eeee0a904712.bookscapm-db-deployer#flowable-async-job-executor-thread-1282#
[PollExecuteTaskStatusExecution] 42bfd433-a562-4d5f-b4b1-2970d7ec218d [2026-05-17T17:44:26.976993] { (STDOUT, APP/TASK/deploy)#
#2026 05 17 17:44:29.375#Z#DEBUG#ce142cac-5217-11f1-9eb0-eeee0a904712.bookscapm-db-deployer#flowable-async-job-executor-thread-1282#
[PollExecuteTaskStatusExecution] 42bfd433-a562-4d5f-b4b1-2970d7ec218d [2026-05-17T17:44:26.976998] "name": "bookscapm-db", (STDOUT, APP/TASK/deploy)#
#2026 05 17 17:44:29.375#Z#DEBUG#ce142cac-5217-11f1-9eb0-eeee0a904712.bookscapm-db-deployer#flowable-async-job-executor-thread-1282#
[PollExecuteTaskStatusExecution] 42bfd433-a562-4d5f-b4b1-2970d7ec218d [2026-05-17T17:44:26.977001] "label": "hana", (STDOUT, APP/TASK/deploy)#
#2026 05 17 17:44:29.375#Z#DEBUG#ce142cac-5217-11f1-9eb0-eeee0a904712.bookscapm-db-deployer#flowable-async-job-executor-thread-1282#
[PollExecuteTaskStatusExecution] 42bfd433-a562-4d5f-b4b1-2970d7ec218d [2026-05-17T17:44:26.977004] "plan": "hdi-shared", (STDOUT, APP/TASK/deploy)#
#2026 05 17 17:44:29.375#Z#DEBUG#ce142cac-5217-11f1-9eb0-eeee0a904712.bookscapm-db-deployer#flowable-async-job-executor-thread-1282#
[PollExecuteTaskStatusExecution] 42bfd433-a562-4d5f-b4b1-2970d7ec218d [2026-05-17T17:44:26.977006] "credentials": { (STDOUT, APP/TASK/deploy)#
#2026 05 17 17:44:29.375#Z#DEBUG#ce142cac-5217-11f1-9eb0-eeee0a904712.bookscapm-db-deployer#flowable-async-job-executor-thread-1282#
[PollExecuteTaskStatusExecution] 42bfd433-a562-4d5f-b4b1-2970d7ec218d [2026-05-17T17:44:26.977011] "schema": "C267CE7888044773AAA7C1B3CFC7C46E", (STDOUT, APP/TASK/deploy)#
#2026 05 17 17:44:29.375#Z#DEBUG#ce142cac-5217-11f1-9eb0-eeee0a904712.bookscapm-db-deployer#flowable-async-job-executor-thread-1282#
[PollExecuteTaskStatusExecution] 42bfd433-a562-4d5f-b4b1-2970d7ec218d [2026-05-17T17:44:26.977014] "database_id": "7139a3f2-f85c-4b2f-aeb0-2db26a0a6bd7", (STDOUT, APP/TASK/deploy)#
#2026 05 17 17:44:29.375#Z#DEBUG#ce142cac-5217-11f1-9eb0-eeee0a904712.bookscapm-db-deployer#flowable-async-job-executor-thread-1282#
[PollExecuteTaskStatusExecution] 42bfd433-a562-4d5f-b4b1-2970d7ec218d [2026-05-17T17:44:26.977018] "user": "C267CE7888044773AAA7C1B3CFC7C46E_6D9RVYR8WXN1MOCC8VGEW8XE3_RT", (STDOUT, APP/TASK/deploy)#
#2026 05 17 17:44:29.375#Z#DEBUG#ce142cac-5217-11f1-9eb0-eeee0a904712.bookscapm-db-deployer#flowable-async-job-executor-thread-1282#
[PollExecuteTaskStatusExecution] 42bfd433-a562-4d5f-b4b1-2970d7ec218d [2026-05-17T17:44:26.977023] "hdi_user": "C267CE7888044773AAA7C1B3CFC7C46E_6D9RVYR8WXN1MOCC8VGEW8XE3_DT" (STDOUT, APP/TASK/deploy)#
#2026 05 17 17:44:29.375#Z#DEBUG#ce142cac-5217-11f1-9eb0-eeee0a904712.bookscapm-db-deployer#flowable-async-job-executor-thread-1282#
[PollExecuteTaskStatusExecution] 42bfd433-a562-4d5f-b4b1-2970d7ec218d [2026-05-17T17:44:26.977025] }, (STDOUT, APP/TASK/deploy)#
#2026 05 17 17:44:29.375#Z#DEBUG#ce142cac-5217-11f1-9eb0-eeee0a904712.bookscapm-db-deployer#flowable-async-job-executor-thread-1282#
[PollExecuteTaskStatusExecution] 42bfd433-a562-4d5f-b4b1-2970d7ec218d [2026-05-17T17:44:26.977028] "tags": [ (STDOUT, APP/TASK/deploy)#
#2026 05 17 17:44:29.375#Z#DEBUG#ce142cac-5217-11f1-9eb0-eeee0a904712.bookscapm-db-deployer#flowable-async-job-executor-thread-1282#
[PollExecuteTaskStatusExecution] 42bfd433-a562-4d5f-b4b1-2970d7ec218d [2026-05-17T17:44:26.977031] "hana", (STDOUT, APP/TASK/deploy)#
#2026 05 17 17:44:29.375#Z#DEBUG#ce142cac-5217-11f1-9eb0-eeee0a904712.bookscapm-db-deployer#flowable-async-job-executor-thread-1282#
[PollExecuteTaskStatusExecution] 42bfd433-a562-4d5f-b4b1-2970d7ec218d [2026-05-17T17:44:26.977033] "database", (STDOUT, APP/TASK/deploy)#
#2026 05 17 17:44:29.375#Z#DEBUG#ce142cac-5217-11f1-9eb0-eeee0a904712.bookscapm-db-deployer#flowable-async-job-executor-thread-1282#
[PollExecuteTaskStatusExecution] 42bfd433-a562-4d5f-b4b1-2970d7ec218d [2026-05-17T17:44:26.977036] "relational" (STDOUT, APP/TASK/deploy)#
#2026 05 17 17:44:29.375#Z#DEBUG#ce142cac-5217-11f1-9eb0-eeee0a904712.bookscapm-db-deployer#flowable-async-job-executor-thread-1282#
[PollExecuteTaskStatusExecution] 42bfd433-a562-4d5f-b4b1-2970d7ec218d [2026-05-17T17:44:26.977038] ] (STDOUT, APP/TASK/deploy)#
#2026 05 17 17:44:29.375#Z#DEBUG#ce142cac-5217-11f1-9eb0-eeee0a904712.bookscapm-db-deployer#flowable-async-job-executor-thread-1282#
[PollExecuteTaskStatusExecution] 42bfd433-a562-4d5f-b4b1-2970d7ec218d [2026-05-17T17:44:26.977041] } (STDOUT, APP/TASK/deploy)#
#2026 05 17 17:44:29.375#Z#DEBUG#ce142cac-5217-11f1-9eb0-eeee0a904712.bookscapm-db-deployer#flowable-async-job-executor-thread-1282#
[PollExecuteTaskStatusExecution] 42bfd433-a562-4d5f-b4b1-2970d7ec218d [2026-05-17T17:44:26.977043] ] (STDOUT, APP/TASK/deploy)#
#2026 05 17 17:44:29.375#Z#DEBUG#ce142cac-5217-11f1-9eb0-eeee0a904712.bookscapm-db-deployer#flowable-async-job-executor-thread-1282#
[PollExecuteTaskStatusExecution] 42bfd433-a562-4d5f-b4b1-2970d7ec218d [2026-05-17T17:44:26.977045] } (STDOUT, APP/TASK/deploy)#
#2026 05 17 17:44:29.375#Z#DEBUG#ce142cac-5217-11f1-9eb0-eeee0a904712.bookscapm-db-deployer#flowable-async-job-executor-thread-1282#
[PollExecuteTaskStatusExecution] 42bfd433-a562-4d5f-b4b1-2970d7ec218d [2026-05-17T17:44:27.451035] @sap/hdi-deploy, version 5.6.1 (mode default), server version 4.00.000.00.1777970319 (4.0.0.0), cloud version 2026.2.13, node version 24.13.0, HDI version 1016, container API version 1007 (STDOUT, APP/TASK/deploy)#
#2026 05 17 17:44:29.375#Z#DEBUG#ce142cac-5217-11f1-9eb0-eeee0a904712.bookscapm-db-deployer#flowable-async-job-executor-thread-1282#
[PollExecuteTaskStatusExecution] 42bfd433-a562-4d5f-b4b1-2970d7ec218d [2026-05-17T17:44:27.451274] Deployment started at 2026-05-17 17:44:27 (STDOUT, APP/TASK/deploy)#
#2026 05 17 17:44:29.375#Z#DEBUG#ce142cac-5217-11f1-9eb0-eeee0a904712.bookscapm-db-deployer#flowable-async-job-executor-thread-1282#
[PollExecuteTaskStatusExecution] 42bfd433-a562-4d5f-b4b1-2970d7ec218d [2026-05-17T17:44:27.451486] Using hdb@2.27.1 for connection (STDOUT, APP/TASK/deploy)#
#2026 05 17 17:44:29.375#Z#DEBUG#ce142cac-5217-11f1-9eb0-eeee0a904712.bookscapm-db-deployer#flowable-async-job-executor-thread-1282#
[PollExecuteTaskStatusExecution] 42bfd433-a562-4d5f-b4b1-2970d7ec218d [2026-05-17T17:44:27.472083] No ignore file at /home/vcap/app/.hdiignore. (STDOUT, APP/TASK/deploy)#
#2026 05 17 17:44:29.375#Z#DEBUG#ce142cac-5217-11f1-9eb0-eeee0a904712.bookscapm-db-deployer#flowable-async-job-executor-thread-1282#
[PollExecuteTaskStatusExecution] 42bfd433-a562-4d5f-b4b1-2970d7ec218d [2026-05-17T17:44:27.472379] Collecting files... (STDOUT, APP/TASK/deploy)#
#2026 05 17 17:44:29.375#Z#DEBUG#ce142cac-5217-11f1-9eb0-eeee0a904712.bookscapm-db-deployer#flowable-async-job-executor-thread-1282#
[PollExecuteTaskStatusExecution] 42bfd433-a562-4d5f-b4b1-2970d7ec218d [2026-05-17T17:44:27.475254] Collecting files... ok (0s 3ms) (STDOUT, APP/TASK/deploy)#
#2026 05 17 17:44:29.375#Z#DEBUG#ce142cac-5217-11f1-9eb0-eeee0a904712.bookscapm-db-deployer#flowable-async-job-executor-thread-1282#
[PollExecuteTaskStatusExecution] 42bfd433-a562-4d5f-b4b1-2970d7ec218d [2026-05-17T17:44:27.475268] 3 directories collected (STDOUT, APP/TASK/deploy)#
#2026 05 17 17:44:29.375#Z#DEBUG#ce142cac-5217-11f1-9eb0-eeee0a904712.bookscapm-db-deployer#flowable-async-job-executor-thread-1282#
[PollExecuteTaskStatusExecution] 42bfd433-a562-4d5f-b4b1-2970d7ec218d [2026-05-17T17:44:27.475271] 7 files collected (STDOUT, APP/TASK/deploy)#
#2026 05 17 17:44:29.375#Z#DEBUG#ce142cac-5217-11f1-9eb0-eeee0a904712.bookscapm-db-deployer#flowable-async-job-executor-thread-1282#
[PollExecuteTaskStatusExecution] 42bfd433-a562-4d5f-b4b1-2970d7ec218d [2026-05-17T17:44:27.475274] 0 reusable modules collected (STDOUT, APP/TASK/deploy)#
#2026 05 17 17:44:29.375#Z#DEBUG#ce142cac-5217-11f1-9eb0-eeee0a904712.bookscapm-db-deployer#flowable-async-job-executor-thread-1282#
[PollExecuteTaskStatusExecution] 42bfd433-a562-4d5f-b4b1-2970d7ec218d [2026-05-17T17:44:27.475288] Target service: bookscapm-db (STDOUT, APP/TASK/deploy)#
#2026 05 17 17:44:29.375#Z#DEBUG#ce142cac-5217-11f1-9eb0-eeee0a904712.bookscapm-db-deployer#flowable-async-job-executor-thread-1282#
[PollExecuteTaskStatusExecution] 42bfd433-a562-4d5f-b4b1-2970d7ec218d [2026-05-17T17:44:27.657113] Could not determine status of last build: Could not find any information about the previous deployment. (STDOUT, APP/TASK/deploy)#
#2026 05 17 17:44:29.375#Z#DEBUG#ce142cac-5217-11f1-9eb0-eeee0a904712.bookscapm-db-deployer#flowable-async-job-executor-thread-1282#
[PollExecuteTaskStatusExecution] 42bfd433-a562-4d5f-b4b1-2970d7ec218d [2026-05-17T17:44:27.657243] Processing revoke files... (STDOUT, APP/TASK/deploy)#
#2026 05 17 17:44:29.375#Z#DEBUG#ce142cac-5217-11f1-9eb0-eeee0a904712.bookscapm-db-deployer#flowable-async-job-executor-thread-1282#
[PollExecuteTaskStatusExecution] 42bfd433-a562-4d5f-b4b1-2970d7ec218d [2026-05-17T17:44:27.657373] Processing revoke files... ok (0s 0ms) (STDOUT, APP/TASK/deploy)#
#2026 05 17 17:44:29.375#Z#DEBUG#ce142cac-5217-11f1-9eb0-eeee0a904712.bookscapm-db-deployer#flowable-async-job-executor-thread-1282#
[PollExecuteTaskStatusExecution] 42bfd433-a562-4d5f-b4b1-2970d7ec218d [2026-05-17T17:44:27.657472] Processing grants files... (STDOUT, APP/TASK/deploy)#
#2026 05 17 17:44:29.375#Z#DEBUG#ce142cac-5217-11f1-9eb0-eeee0a904712.bookscapm-db-deployer#flowable-async-job-executor-thread-1282#
[PollExecuteTaskStatusExecution] 42bfd433-a562-4d5f-b4b1-2970d7ec218d [2026-05-17T17:44:27.657563] Processing grants files... ok (0s 0ms) (STDOUT, APP/TASK/deploy)#
#2026 05 17 17:44:29.375#Z#DEBUG#ce142cac-5217-11f1-9eb0-eeee0a904712.bookscapm-db-deployer#flowable-async-job-executor-thread-1282#
[PollExecuteTaskStatusExecution] 42bfd433-a562-4d5f-b4b1-2970d7ec218d [2026-05-17T17:44:27.660131] Preprocessing files... (STDOUT, APP/TASK/deploy)#
#2026 05 17 17:44:29.375#Z#DEBUG#ce142cac-5217-11f1-9eb0-eeee0a904712.bookscapm-db-deployer#flowable-async-job-executor-thread-1282#
[PollExecuteTaskStatusExecution] 42bfd433-a562-4d5f-b4b1-2970d7ec218d [2026-05-17T17:44:27.660345] Preprocessing files... ok (0s 0ms) (STDOUT, APP/TASK/deploy)#
#2026 05 17 17:44:29.375#Z#DEBUG#ce142cac-5217-11f1-9eb0-eeee0a904712.bookscapm-db-deployer#flowable-async-job-executor-thread-1282#
[PollExecuteTaskStatusExecution] 42bfd433-a562-4d5f-b4b1-2970d7ec218d [2026-05-17T17:44:27.660433] Connecting to the container "C267CE7888044773AAA7C1B3CFC7C46E"... (STDOUT, APP/TASK/deploy)#
#2026 05 17 17:44:29.375#Z#DEBUG#ce142cac-5217-11f1-9eb0-eeee0a904712.bookscapm-db-deployer#flowable-async-job-executor-thread-1282#
[PollExecuteTaskStatusExecution] 42bfd433-a562-4d5f-b4b1-2970d7ec218d [2026-05-17T17:44:27.718195] Connecting to the container "C267CE7888044773AAA7C1B3CFC7C46E"... ok (0s 58ms) (STDOUT, APP/TASK/deploy)#
#2026 05 17 17:44:29.375#Z#DEBUG#ce142cac-5217-11f1-9eb0-eeee0a904712.bookscapm-db-deployer#flowable-async-job-executor-thread-1282#
[PollExecuteTaskStatusExecution] 42bfd433-a562-4d5f-b4b1-2970d7ec218d [2026-05-17T17:44:27.718215] Locking the container "C267CE7888044773AAA7C1B3CFC7C46E"... (STDOUT, APP/TASK/deploy)#
#2026 05 17 17:44:29.375#Z#DEBUG#ce142cac-5217-11f1-9eb0-eeee0a904712.bookscapm-db-deployer#flowable-async-job-executor-thread-1282#
[PollExecuteTaskStatusExecution] 42bfd433-a562-4d5f-b4b1-2970d7ec218d [2026-05-17T17:44:27.940604] Locking the container "C267CE7888044773AAA7C1B3CFC7C46E"... ok (0s 222ms) (STDOUT, APP/TASK/deploy)#
#2026 05 17 17:44:29.375#Z#DEBUG#ce142cac-5217-11f1-9eb0-eeee0a904712.bookscapm-db-deployer#flowable-async-job-executor-thread-1282#
[PollExecuteTaskStatusExecution] 42bfd433-a562-4d5f-b4b1-2970d7ec218d [2026-05-17T17:44:27.940618] Synchronizing files with the container "C267CE7888044773AAA7C1B3CFC7C46E"... (STDOUT, APP/TASK/deploy)#
#2026 05 17 17:44:29.375#Z#DEBUG#ce142cac-5217-11f1-9eb0-eeee0a904712.bookscapm-db-deployer#flowable-async-job-executor-thread-1282#
[PollExecuteTaskStatusExecution] 42bfd433-a562-4d5f-b4b1-2970d7ec218d [2026-05-17T17:44:28.169026] Deleting files... (STDOUT, APP/TASK/deploy)#
#2026 05 17 17:44:29.375#Z#DEBUG#ce142cac-5217-11f1-9eb0-eeee0a904712.bookscapm-db-deployer#flowable-async-job-executor-thread-1282#
[PollExecuteTaskStatusExecution] 42bfd433-a562-4d5f-b4b1-2970d7ec218d [2026-05-17T17:44:28.300456] Deleting files... ok (STDOUT, APP/TASK/deploy)#
#2026 05 17 17:44:29.375#Z#DEBUG#ce142cac-5217-11f1-9eb0-eeee0a904712.bookscapm-db-deployer#flowable-async-job-executor-thread-1282#
[PollExecuteTaskStatusExecution] 42bfd433-a562-4d5f-b4b1-2970d7ec218d [2026-05-17T17:44:28.300471] Writing files... (STDOUT, APP/TASK/deploy)#
#2026 05 17 17:44:29.375#Z#DEBUG#ce142cac-5217-11f1-9eb0-eeee0a904712.bookscapm-db-deployer#flowable-async-job-executor-thread-1282#
[PollExecuteTaskStatusExecution] 42bfd433-a562-4d5f-b4b1-2970d7ec218d [2026-05-17T17:44:28.300624] Writing 10 items (STDOUT, APP/TASK/deploy)#
#2026 05 17 17:44:29.375#Z#DEBUG#ce142cac-5217-11f1-9eb0-eeee0a904712.bookscapm-db-deployer#flowable-async-job-executor-thread-1282#
[PollExecuteTaskStatusExecution] 42bfd433-a562-4d5f-b4b1-2970d7ec218d [2026-05-17T17:44:28.596456] Writing files... ok (STDOUT, APP/TASK/deploy)#
#2026 05 17 17:44:29.375#Z#DEBUG#ce142cac-5217-11f1-9eb0-eeee0a904712.bookscapm-db-deployer#flowable-async-job-executor-thread-1282#
[PollExecuteTaskStatusExecution] 42bfd433-a562-4d5f-b4b1-2970d7ec218d [2026-05-17T17:44:28.596476] Synchronizing files with the container "C267CE7888044773AAA7C1B3CFC7C46E"... ok (0s 656ms) (STDOUT, APP/TASK/deploy)#
#2026 05 17 17:44:29.375#Z#DEBUG#ce142cac-5217-11f1-9eb0-eeee0a904712.bookscapm-db-deployer#flowable-async-job-executor-thread-1282#
[PollExecuteTaskStatusExecution] 42bfd433-a562-4d5f-b4b1-2970d7ec218d [2026-05-17T17:44:28.596804] added files: [ (STDOUT, APP/TASK/deploy)#
#2026 05 17 17:44:29.375#Z#DEBUG#ce142cac-5217-11f1-9eb0-eeee0a904712.bookscapm-db-deployer#flowable-async-job-executor-thread-1282#
[PollExecuteTaskStatusExecution] 42bfd433-a562-4d5f-b4b1-2970d7ec218d [2026-05-17T17:44:28.596819] "src/gen/.hdiconfig", (STDOUT, APP/TASK/deploy)#
#2026 05 17 17:44:29.375#Z#DEBUG#ce142cac-5217-11f1-9eb0-eeee0a904712.bookscapm-db-deployer#flowable-async-job-executor-thread-1282#
[PollExecuteTaskStatusExecution] 42bfd433-a562-4d5f-b4b1-2970d7ec218d [2026-05-17T17:44:28.596823] "src/gen/.hdinamespace", (STDOUT, APP/TASK/deploy)#
#2026 05 17 17:44:29.375#Z#DEBUG#ce142cac-5217-11f1-9eb0-eeee0a904712.bookscapm-db-deployer#flowable-async-job-executor-thread-1282#
[PollExecuteTaskStatusExecution] 42bfd433-a562-4d5f-b4b1-2970d7ec218d [2026-05-17T17:44:28.596826] "src/gen/LibrarySrv.BooksSet.hdbview", (STDOUT, APP/TASK/deploy)#
#2026 05 17 17:44:29.375#Z#DEBUG#ce142cac-5217-11f1-9eb0-eeee0a904712.bookscapm-db-deployer#flowable-async-job-executor-thread-1282#
[PollExecuteTaskStatusExecution] 42bfd433-a562-4d5f-b4b1-2970d7ec218d [2026-05-17T17:44:28.596828] "src/gen/cds.outbox.Messages.hdbtable", (STDOUT, APP/TASK/deploy)#
#2026 05 17 17:44:29.375#Z#DEBUG#ce142cac-5217-11f1-9eb0-eeee0a904712.bookscapm-db-deployer#flowable-async-job-executor-thread-1282#
[PollExecuteTaskStatusExecution] 42bfd433-a562-4d5f-b4b1-2970d7ec218d [2026-05-17T17:44:28.596831] "src/gen/data/db-books.Books.csv", (STDOUT, APP/TASK/deploy)#
#2026 05 17 17:44:29.375#Z#DEBUG#ce142cac-5217-11f1-9eb0-eeee0a904712.bookscapm-db-deployer#flowable-async-job-executor-thread-1282#
[PollExecuteTaskStatusExecution] 42bfd433-a562-4d5f-b4b1-2970d7ec218d [2026-05-17T17:44:28.596834] "src/gen/data/db-books.Books.hdbtabledata", (STDOUT, APP/TASK/deploy)#
#2026 05 17 17:44:29.375#Z#DEBUG#ce142cac-5217-11f1-9eb0-eeee0a904712.bookscapm-db-deployer#flowable-async-job-executor-thread-1282#
[PollExecuteTaskStatusExecution] 42bfd433-a562-4d5f-b4b1-2970d7ec218d [2026-05-17T17:44:28.596837] "src/gen/db.books.Books.hdbtable" (STDOUT, APP/TASK/deploy)#
#2026 05 17 17:44:29.375#Z#DEBUG#ce142cac-5217-11f1-9eb0-eeee0a904712.bookscapm-db-deployer#flowable-async-job-executor-thread-1282#
[PollExecuteTaskStatusExecution] 42bfd433-a562-4d5f-b4b1-2970d7ec218d [2026-05-17T17:44:28.596839] ] (STDOUT, APP/TASK/deploy)#
#2026 05 17 17:44:29.375#Z#DEBUG#ce142cac-5217-11f1-9eb0-eeee0a904712.bookscapm-db-deployer#flowable-async-job-executor-thread-1282#
[PollExecuteTaskStatusExecution] 42bfd433-a562-4d5f-b4b1-2970d7ec218d [2026-05-17T17:44:28.596842] modified files: [] (STDOUT, APP/TASK/deploy)#
#2026 05 17 17:44:29.375#Z#DEBUG#ce142cac-5217-11f1-9eb0-eeee0a904712.bookscapm-db-deployer#flowable-async-job-executor-thread-1282#
[PollExecuteTaskStatusExecution] 42bfd433-a562-4d5f-b4b1-2970d7ec218d [2026-05-17T17:44:28.596844] deleted files: [] (STDOUT, APP/TASK/deploy)#
#2026 05 17 17:44:29.375#Z#DEBUG#ce142cac-5217-11f1-9eb0-eeee0a904712.bookscapm-db-deployer#flowable-async-job-executor-thread-1282#
[PollExecuteTaskStatusExecution] 42bfd433-a562-4d5f-b4b1-2970d7ec218d [2026-05-17T17:44:28.596930] 7 modified or added files are scheduled for deploy based on delta detection (STDOUT, APP/TASK/deploy)#
#2026 05 17 17:44:29.375#Z#DEBUG#ce142cac-5217-11f1-9eb0-eeee0a904712.bookscapm-db-deployer#flowable-async-job-executor-thread-1282#
[PollExecuteTaskStatusExecution] 42bfd433-a562-4d5f-b4b1-2970d7ec218d [2026-05-17T17:44:28.597141] 0 deleted files are scheduled for undeploy based on delta detection (filtered by undeploy allowlist) (STDOUT, APP/TASK/deploy)#
#2026 05 17 17:44:29.375#Z#DEBUG#ce142cac-5217-11f1-9eb0-eeee0a904712.bookscapm-db-deployer#flowable-async-job-executor-thread-1282#
[PollExecuteTaskStatusExecution] 42bfd433-a562-4d5f-b4b1-2970d7ec218d [2026-05-17T17:44:28.597289] 0 files are scheduled for deploy based on explicit specification (STDOUT, APP/TASK/deploy)#
#2026 05 17 17:44:29.375#Z#DEBUG#ce142cac-5217-11f1-9eb0-eeee0a904712.bookscapm-db-deployer#flowable-async-job-executor-thread-1282#
[PollExecuteTaskStatusExecution] 42bfd433-a562-4d5f-b4b1-2970d7ec218d [2026-05-17T17:44:28.597303] 0 files are scheduled for undeploy based on explicit specification (STDOUT, APP/TASK/deploy)#
#2026 05 17 17:44:29.375#Z#DEBUG#ce142cac-5217-11f1-9eb0-eeee0a904712.bookscapm-db-deployer#flowable-async-job-executor-thread-1282#
[PollExecuteTaskStatusExecution] 42bfd433-a562-4d5f-b4b1-2970d7ec218d [2026-05-17T17:44:28.597436] Deploying to the container "C267CE7888044773AAA7C1B3CFC7C46E"... (STDOUT, APP/TASK/deploy)#
#2026 05 17 17:44:39.368#Z#DEBUG#ce142cac-5217-11f1-9eb0-eeee0a904712.bookscapm-db-deployer#flowable-async-job-executor-thread-1286#
[PollExecuteTaskStatusExecution] 42bfd433-a562-4d5f-b4b1-2970d7ec218d [2026-05-17T17:44:29.169941] Polling messages for request id: 27 (STDOUT, APP/TASK/deploy)#
#2026 05 17 17:44:39.368#Z#DEBUG#ce142cac-5217-11f1-9eb0-eeee0a904712.bookscapm-db-deployer#flowable-async-job-executor-thread-1286#
[PollExecuteTaskStatusExecution] 42bfd433-a562-4d5f-b4b1-2970d7ec218d [2026-05-17T17:44:29.200565] Starting make in the container "C267CE7888044773AAA7C1B3CFC7C46E" with 7 files to deploy, 0 files to undeploy... (STDOUT, APP/TASK/deploy)#
#2026 05 17 17:44:39.368#Z#DEBUG#ce142cac-5217-11f1-9eb0-eeee0a904712.bookscapm-db-deployer#flowable-async-job-executor-thread-1286#
[PollExecuteTaskStatusExecution] 42bfd433-a562-4d5f-b4b1-2970d7ec218d [2026-05-17T17:44:29.200580] Disabling table replication for the container schema "C267CE7888044773AAA7C1B3CFC7C46E"... (STDOUT, APP/TASK/deploy)#
#2026 05 17 17:44:39.368#Z#DEBUG#ce142cac-5217-11f1-9eb0-eeee0a904712.bookscapm-db-deployer#flowable-async-job-executor-thread-1286#
[PollExecuteTaskStatusExecution] 42bfd433-a562-4d5f-b4b1-2970d7ec218d [2026-05-17T17:44:29.200592] Disabling table replication for the container schema "C267CE7888044773AAA7C1B3CFC7C46E"... ok (0s 16ms) (STDOUT, APP/TASK/deploy)#
#2026 05 17 17:44:39.368#Z#DEBUG#ce142cac-5217-11f1-9eb0-eeee0a904712.bookscapm-db-deployer#flowable-async-job-executor-thread-1286#
[PollExecuteTaskStatusExecution] 42bfd433-a562-4d5f-b4b1-2970d7ec218d [2026-05-17T17:44:29.200597] Migrating libraries... (STDOUT, APP/TASK/deploy)#
#2026 05 17 17:44:39.368#Z#DEBUG#ce142cac-5217-11f1-9eb0-eeee0a904712.bookscapm-db-deployer#flowable-async-job-executor-thread-1286#
[PollExecuteTaskStatusExecution] 42bfd433-a562-4d5f-b4b1-2970d7ec218d [2026-05-17T17:44:29.200691] Migrating libraries... ok (0s 23ms) (STDOUT, APP/TASK/deploy)#
#2026 05 17 17:44:39.368#Z#DEBUG#ce142cac-5217-11f1-9eb0-eeee0a904712.bookscapm-db-deployer#flowable-async-job-executor-thread-1286#
[PollExecuteTaskStatusExecution] 42bfd433-a562-4d5f-b4b1-2970d7ec218d [2026-05-17T17:44:29.200703] Making... (STDOUT, APP/TASK/deploy)#
#2026 05 17 17:44:39.368#Z#DEBUG#ce142cac-5217-11f1-9eb0-eeee0a904712.bookscapm-db-deployer#flowable-async-job-executor-thread-1286#
[PollExecuteTaskStatusExecution] 42bfd433-a562-4d5f-b4b1-2970d7ec218d [2026-05-17T17:44:29.200716] Preparing... (STDOUT, APP/TASK/deploy)#
#2026 05 17 17:44:39.368#Z#DEBUG#ce142cac-5217-11f1-9eb0-eeee0a904712.bookscapm-db-deployer#flowable-async-job-executor-thread-1286#
[PollExecuteTaskStatusExecution] 42bfd433-a562-4d5f-b4b1-2970d7ec218d [2026-05-17T17:44:29.200753] Preparing the make transaction... (STDOUT, APP/TASK/deploy)#
#2026 05 17 17:44:39.368#Z#DEBUG#ce142cac-5217-11f1-9eb0-eeee0a904712.bookscapm-db-deployer#flowable-async-job-executor-thread-1286#
[PollExecuteTaskStatusExecution] 42bfd433-a562-4d5f-b4b1-2970d7ec218d [2026-05-17T17:44:30.209] Preparing the make transaction... ok (0s 665ms) (STDOUT, APP/TASK/deploy)#
#2026 05 17 17:44:39.368#Z#DEBUG#ce142cac-5217-11f1-9eb0-eeee0a904712.bookscapm-db-deployer#flowable-async-job-executor-thread-1286#
[PollExecuteTaskStatusExecution] 42bfd433-a562-4d5f-b4b1-2970d7ec218d [2026-05-17T17:44:30.209334] Deploying the configuration file "src/gen/.hdiconfig"... (STDOUT, APP/TASK/deploy)#
#2026 05 17 17:44:39.368#Z#DEBUG#ce142cac-5217-11f1-9eb0-eeee0a904712.bookscapm-db-deployer#flowable-async-job-executor-thread-1286#
[PollExecuteTaskStatusExecution] 42bfd433-a562-4d5f-b4b1-2970d7ec218d [2026-05-17T17:44:30.209446] Deploying the configuration file "src/gen/.hdiconfig"... ok (0s 43ms) (STDOUT, APP/TASK/deploy)#
#2026 05 17 17:44:39.368#Z#DEBUG#ce142cac-5217-11f1-9eb0-eeee0a904712.bookscapm-db-deployer#flowable-async-job-executor-thread-1286#
[PollExecuteTaskStatusExecution] 42bfd433-a562-4d5f-b4b1-2970d7ec218d [2026-05-17T17:44:30.209513] Deploying the namespace file "src/gen/.hdinamespace"... (STDOUT, APP/TASK/deploy)#
#2026 05 17 17:44:39.368#Z#DEBUG#ce142cac-5217-11f1-9eb0-eeee0a904712.bookscapm-db-deployer#flowable-async-job-executor-thread-1286#
[PollExecuteTaskStatusExecution] 42bfd433-a562-4d5f-b4b1-2970d7ec218d [2026-05-17T17:44:30.209718] Deploying the namespace file "src/gen/.hdinamespace"... ok (0s 23ms) (STDOUT, APP/TASK/deploy)#
#2026 05 17 17:44:39.368#Z#DEBUG#ce142cac-5217-11f1-9eb0-eeee0a904712.bookscapm-db-deployer#flowable-async-job-executor-thread-1286#
[PollExecuteTaskStatusExecution] 42bfd433-a562-4d5f-b4b1-2970d7ec218d [2026-05-17T17:44:30.209727] Adding "src/gen/LibrarySrv.BooksSet.hdbview" for deploy... (STDOUT, APP/TASK/deploy)#
#2026 05 17 17:44:39.368#Z#DEBUG#ce142cac-5217-11f1-9eb0-eeee0a904712.bookscapm-db-deployer#flowable-async-job-executor-thread-1286#
[PollExecuteTaskStatusExecution] 42bfd433-a562-4d5f-b4b1-2970d7ec218d [2026-05-17T17:44:30.209732] Adding "src/gen/LibrarySrv.BooksSet.hdbview" for deploy... ok (0s 35ms) (STDOUT, APP/TASK/deploy)#
#2026 05 17 17:44:39.368#Z#DEBUG#ce142cac-5217-11f1-9eb0-eeee0a904712.bookscapm-db-deployer#flowable-async-job-executor-thread-1286#
[PollExecuteTaskStatusExecution] 42bfd433-a562-4d5f-b4b1-2970d7ec218d [2026-05-17T17:44:30.209783] Adding "src/gen/cds.outbox.Messages.hdbtable" for deploy... (STDOUT, APP/TASK/deploy)#
#2026 05 17 17:44:39.368#Z#DEBUG#ce142cac-5217-11f1-9eb0-eeee0a904712.bookscapm-db-deployer#flowable-async-job-executor-thread-1286#
[PollExecuteTaskStatusExecution] 42bfd433-a562-4d5f-b4b1-2970d7ec218d [2026-05-17T17:44:30.209855] Adding "src/gen/cds.outbox.Messages.hdbtable" for deploy... ok (0s 0ms) (STDOUT, APP/TASK/deploy)#
#2026 05 17 17:44:39.368#Z#DEBUG#ce142cac-5217-11f1-9eb0-eeee0a904712.bookscapm-db-deployer#flowable-async-job-executor-thread-1286#
[PollExecuteTaskStatusExecution] 42bfd433-a562-4d5f-b4b1-2970d7ec218d [2026-05-17T17:44:30.209950] Adding "src/gen/data/db-books.Books.csv" for deploy... (STDOUT, APP/TASK/deploy)#
#2026 05 17 17:44:39.368#Z#DEBUG#ce142cac-5217-11f1-9eb0-eeee0a904712.bookscapm-db-deployer#flowable-async-job-executor-thread-1286#
[PollExecuteTaskStatusExecution] 42bfd433-a562-4d5f-b4b1-2970d7ec218d [2026-05-17T17:44:30.210110] Adding "src/gen/data/db-books.Books.csv" for deploy... ok (0s 48ms) (STDOUT, APP/TASK/deploy)#
#2026 05 17 17:44:39.368#Z#DEBUG#ce142cac-5217-11f1-9eb0-eeee0a904712.bookscapm-db-deployer#flowable-async-job-executor-thread-1286#
[PollExecuteTaskStatusExecution] 42bfd433-a562-4d5f-b4b1-2970d7ec218d [2026-05-17T17:44:30.210275] Adding "src/gen/data/db-books.Books.hdbtabledata" for deploy... (STDOUT, APP/TASK/deploy)#
#2026 05 17 17:44:39.368#Z#DEBUG#ce142cac-5217-11f1-9eb0-eeee0a904712.bookscapm-db-deployer#flowable-async-job-executor-thread-1286#
[PollExecuteTaskStatusExecution] 42bfd433-a562-4d5f-b4b1-2970d7ec218d [2026-05-17T17:44:30.210384] Adding "src/gen/data/db-books.Books.hdbtabledata" for deploy... ok (0s 0ms) (STDOUT, APP/TASK/deploy)#
#2026 05 17 17:44:39.368#Z#DEBUG#ce142cac-5217-11f1-9eb0-eeee0a904712.bookscapm-db-deployer#flowable-async-job-executor-thread-1286#
[PollExecuteTaskStatusExecution] 42bfd433-a562-4d5f-b4b1-2970d7ec218d [2026-05-17T17:44:30.210513] Adding "src/gen/db.books.Books.hdbtable" for deploy... (STDOUT, APP/TASK/deploy)#
#2026 05 17 17:44:39.368#Z#DEBUG#ce142cac-5217-11f1-9eb0-eeee0a904712.bookscapm-db-deployer#flowable-async-job-executor-thread-1286#
[PollExecuteTaskStatusExecution] 42bfd433-a562-4d5f-b4b1-2970d7ec218d [2026-05-17T17:44:30.210583] Adding "src/gen/db.books.Books.hdbtable" for deploy... ok (0s 0ms) (STDOUT, APP/TASK/deploy)#
#2026 05 17 17:44:39.368#Z#DEBUG#ce142cac-5217-11f1-9eb0-eeee0a904712.bookscapm-db-deployer#flowable-async-job-executor-thread-1286#
[PollExecuteTaskStatusExecution] 42bfd433-a562-4d5f-b4b1-2970d7ec218d [2026-05-17T17:44:30.210650] Preparing... ok (0s 881ms) (STDOUT, APP/TASK/deploy)#
#2026 05 17 17:44:39.368#Z#DEBUG#ce142cac-5217-11f1-9eb0-eeee0a904712.bookscapm-db-deployer#flowable-async-job-executor-thread-1286#
[PollExecuteTaskStatusExecution] 42bfd433-a562-4d5f-b4b1-2970d7ec218d [2026-05-17T17:44:30.210767] Calculating dependencies... (STDOUT, APP/TASK/deploy)#
#2026 05 17 17:44:39.368#Z#DEBUG#ce142cac-5217-11f1-9eb0-eeee0a904712.bookscapm-db-deployer#flowable-async-job-executor-thread-1286#
[PollExecuteTaskStatusExecution] 42bfd433-a562-4d5f-b4b1-2970d7ec218d [2026-05-17T17:44:30.210833] Expanding... (STDOUT, APP/TASK/deploy)#
#2026 05 17 17:44:39.368#Z#DEBUG#ce142cac-5217-11f1-9eb0-eeee0a904712.bookscapm-db-deployer#flowable-async-job-executor-thread-1286#
[PollExecuteTaskStatusExecution] 42bfd433-a562-4d5f-b4b1-2970d7ec218d [2026-05-17T17:44:30.210940] Expanding "src/gen/LibrarySrv.BooksSet.hdbview"... (STDOUT, APP/TASK/deploy)#
#2026 05 17 17:44:39.368#Z#DEBUG#ce142cac-5217-11f1-9eb0-eeee0a904712.bookscapm-db-deployer#flowable-async-job-executor-thread-1286#
[PollExecuteTaskStatusExecution] 42bfd433-a562-4d5f-b4b1-2970d7ec218d [2026-05-17T17:44:30.210995] Expanding "src/gen/cds.outbox.Messages.hdbtable"... (STDOUT, APP/TASK/deploy)#
#2026 05 17 17:44:39.368#Z#DEBUG#ce142cac-5217-11f1-9eb0-eeee0a904712.bookscapm-db-deployer#flowable-async-job-executor-thread-1286#
[PollExecuteTaskStatusExecution] 42bfd433-a562-4d5f-b4b1-2970d7ec218d [2026-05-17T17:44:30.211065] Expanding "src/gen/data/db-books.Books.hdbtabledata"... (STDOUT, APP/TASK/deploy)#
#2026 05 17 17:44:39.368#Z#DEBUG#ce142cac-5217-11f1-9eb0-eeee0a904712.bookscapm-db-deployer#flowable-async-job-executor-thread-1286#
[PollExecuteTaskStatusExecution] 42bfd433-a562-4d5f-b4b1-2970d7ec218d [2026-05-17T17:44:30.211179] Expanding "src/gen/db.books.Books.hdbtable"... (STDOUT, APP/TASK/deploy)#
#2026 05 17 17:44:39.368#Z#DEBUG#ce142cac-5217-11f1-9eb0-eeee0a904712.bookscapm-db-deployer#flowable-async-job-executor-thread-1286#
[PollExecuteTaskStatusExecution] 42bfd433-a562-4d5f-b4b1-2970d7ec218d [2026-05-17T17:44:30.211317] Expanding "src/gen/data/db-books.Books.hdbtabledata"... ok (0s 5ms) (STDOUT, APP/TASK/deploy)#
#2026 05 17 17:44:39.368#Z#DEBUG#ce142cac-5217-11f1-9eb0-eeee0a904712.bookscapm-db-deployer#flowable-async-job-executor-thread-1286#
[PollExecuteTaskStatusExecution] 42bfd433-a562-4d5f-b4b1-2970d7ec218d [2026-05-17T17:44:30.211386] Expanding "src/gen/LibrarySrv.BooksSet.hdbview"... ok (0s 18ms) (STDOUT, APP/TASK/deploy)#
#2026 05 17 17:44:39.368#Z#DEBUG#ce142cac-5217-11f1-9eb0-eeee0a904712.bookscapm-db-deployer#flowable-async-job-executor-thread-1286#
[PollExecuteTaskStatusExecution] 42bfd433-a562-4d5f-b4b1-2970d7ec218d [2026-05-17T17:44:30.211459] Expanding "src/gen/cds.outbox.Messages.hdbtable"... ok (0s 18ms) (STDOUT, APP/TASK/deploy)#
#2026 05 17 17:44:39.368#Z#DEBUG#ce142cac-5217-11f1-9eb0-eeee0a904712.bookscapm-db-deployer#flowable-async-job-executor-thread-1286#
[PollExecuteTaskStatusExecution] 42bfd433-a562-4d5f-b4b1-2970d7ec218d [2026-05-17T17:44:30.211540] Expanding "src/gen/db.books.Books.hdbtable"... ok (0s 13ms) (STDOUT, APP/TASK/deploy)#
#2026 05 17 17:44:39.368#Z#DEBUG#ce142cac-5217-11f1-9eb0-eeee0a904712.bookscapm-db-deployer#flowable-async-job-executor-thread-1286#
[PollExecuteTaskStatusExecution] 42bfd433-a562-4d5f-b4b1-2970d7ec218d [2026-05-17T17:44:30.211608] Expanding... ok (0s 81ms) (STDOUT, APP/TASK/deploy)#
#2026 05 17 17:44:39.368#Z#DEBUG#ce142cac-5217-11f1-9eb0-eeee0a904712.bookscapm-db-deployer#flowable-async-job-executor-thread-1286#
[PollExecuteTaskStatusExecution] 42bfd433-a562-4d5f-b4b1-2970d7ec218d [2026-05-17T17:44:30.211682] Precompiling... (STDOUT, APP/TASK/deploy)#
#2026 05 17 17:44:39.368#Z#DEBUG#ce142cac-5217-11f1-9eb0-eeee0a904712.bookscapm-db-deployer#flowable-async-job-executor-thread-1286#
[PollExecuteTaskStatusExecution] 42bfd433-a562-4d5f-b4b1-2970d7ec218d [2026-05-17T17:44:30.211747] Precompiling "src/gen/LibrarySrv.BooksSet.hdbview"... (STDOUT, APP/TASK/deploy)#
#2026 05 17 17:44:39.368#Z#DEBUG#ce142cac-5217-11f1-9eb0-eeee0a904712.bookscapm-db-deployer#flowable-async-job-executor-thread-1286#
[PollExecuteTaskStatusExecution] 42bfd433-a562-4d5f-b4b1-2970d7ec218d [2026-05-17T17:44:30.211824] Precompiling "src/gen/LibrarySrv.BooksSet.hdbview"... ok (0s 5ms) (STDOUT, APP/TASK/deploy)#
#2026 05 17 17:44:39.368#Z#DEBUG#ce142cac-5217-11f1-9eb0-eeee0a904712.bookscapm-db-deployer#flowable-async-job-executor-thread-1286#
[PollExecuteTaskStatusExecution] 42bfd433-a562-4d5f-b4b1-2970d7ec218d [2026-05-17T17:44:30.211898] Precompiling "src/gen/cds.outbox.Messages.hdbtable"... (STDOUT, APP/TASK/deploy)#
#2026 05 17 17:44:39.368#Z#DEBUG#ce142cac-5217-11f1-9eb0-eeee0a904712.bookscapm-db-deployer#flowable-async-job-executor-thread-1286#
[PollExecuteTaskStatusExecution] 42bfd433-a562-4d5f-b4b1-2970d7ec218d [2026-05-17T17:44:30.211980] Precompiling "src/gen/cds.outbox.Messages.hdbtable"... ok (0s 4ms) (STDOUT, APP/TASK/deploy)#
#2026 05 17 17:44:39.368#Z#DEBUG#ce142cac-5217-11f1-9eb0-eeee0a904712.bookscapm-db-deployer#flowable-async-job-executor-thread-1286#
[PollExecuteTaskStatusExecution] 42bfd433-a562-4d5f-b4b1-2970d7ec218d [2026-05-17T17:44:30.212067] Precompiling "src/gen/data/db-books.Books.csv"... (STDOUT, APP/TASK/deploy)#
#2026 05 17 17:44:39.368#Z#DEBUG#ce142cac-5217-11f1-9eb0-eeee0a904712.bookscapm-db-deployer#flowable-async-job-executor-thread-1286#
[PollExecuteTaskStatusExecution] 42bfd433-a562-4d5f-b4b1-2970d7ec218d [2026-05-17T17:44:30.212161] Precompiling "src/gen/data/db-books.Books.csv"... ok (0s 0ms) (STDOUT, APP/TASK/deploy)#
#2026 05 17 17:44:39.368#Z#DEBUG#ce142cac-5217-11f1-9eb0-eeee0a904712.bookscapm-db-deployer#flowable-async-job-executor-thread-1286#
[PollExecuteTaskStatusExecution] 42bfd433-a562-4d5f-b4b1-2970d7ec218d [2026-05-17T17:44:30.212225] Precompiling "src/gen/data/db-books.Books.hdbtabledata"... (STDOUT, APP/TASK/deploy)#
#2026 05 17 17:44:39.368#Z#DEBUG#ce142cac-5217-11f1-9eb0-eeee0a904712.bookscapm-db-deployer#flowable-async-job-executor-thread-1286#
[PollExecuteTaskStatusExecution] 42bfd433-a562-4d5f-b4b1-2970d7ec218d [2026-05-17T17:44:30.212292] Precompiling "src/gen/data/db-books.Books.hdbtabledata$0.expand"... (STDOUT, APP/TASK/deploy)#
#2026 05 17 17:44:39.368#Z#DEBUG#ce142cac-5217-11f1-9eb0-eeee0a904712.bookscapm-db-deployer#flowable-async-job-executor-thread-1286#
[PollExecuteTaskStatusExecution] 42bfd433-a562-4d5f-b4b1-2970d7ec218d [2026-05-17T17:44:30.212352] Expanded from "src/gen/data/db-books.Books.hdbtabledata" (STDOUT, APP/TASK/deploy)#
#2026 05 17 17:44:39.368#Z#DEBUG#ce142cac-5217-11f1-9eb0-eeee0a904712.bookscapm-db-deployer#flowable-async-job-executor-thread-1286#
[PollExecuteTaskStatusExecution] 42bfd433-a562-4d5f-b4b1-2970d7ec218d [2026-05-17T17:44:30.212410] Precompiling "src/gen/data/db-books.Books.hdbtabledata"... ok (0s 0ms) (STDOUT, APP/TASK/deploy)#
#2026 05 17 17:44:39.368#Z#DEBUG#ce142cac-5217-11f1-9eb0-eeee0a904712.bookscapm-db-deployer#flowable-async-job-executor-thread-1286#
[PollExecuteTaskStatusExecution] 42bfd433-a562-4d5f-b4b1-2970d7ec218d [2026-05-17T17:44:30.212468] Precompiling "src/gen/db.books.Books.hdbtable"... (STDOUT, APP/TASK/deploy)#
#2026 05 17 17:44:39.368#Z#DEBUG#ce142cac-5217-11f1-9eb0-eeee0a904712.bookscapm-db-deployer#flowable-async-job-executor-thread-1286#
[PollExecuteTaskStatusExecution] 42bfd433-a562-4d5f-b4b1-2970d7ec218d [2026-05-17T17:44:30.212512] Precompiling "src/gen/data/db-books.Books.hdbtabledata$0.expand"... ok (0s 1ms) (STDOUT, APP/TASK/deploy)#
#2026 05 17 17:44:39.368#Z#DEBUG#ce142cac-5217-11f1-9eb0-eeee0a904712.bookscapm-db-deployer#flowable-async-job-executor-thread-1286#
[PollExecuteTaskStatusExecution] 42bfd433-a562-4d5f-b4b1-2970d7ec218d [2026-05-17T17:44:30.212587] Precompiling "src/gen/db.books.Books.hdbtable"... ok (0s 8ms) (STDOUT, APP/TASK/deploy)#
#2026 05 17 17:44:39.368#Z#DEBUG#ce142cac-5217-11f1-9eb0-eeee0a904712.bookscapm-db-deployer#flowable-async-job-executor-thread-1286#
[PollExecuteTaskStatusExecution] 42bfd433-a562-4d5f-b4b1-2970d7ec218d [2026-05-17T17:44:30.212638] Precompiling... ok (0s 31ms) (STDOUT, APP/TASK/deploy)#
#2026 05 17 17:44:39.368#Z#DEBUG#ce142cac-5217-11f1-9eb0-eeee0a904712.bookscapm-db-deployer#flowable-async-job-executor-thread-1286#
[PollExecuteTaskStatusExecution] 42bfd433-a562-4d5f-b4b1-2970d7ec218d [2026-05-17T17:44:30.212710] Merging... (STDOUT, APP/TASK/deploy)#
#2026 05 17 17:44:39.368#Z#DEBUG#ce142cac-5217-11f1-9eb0-eeee0a904712.bookscapm-db-deployer#flowable-async-job-executor-thread-1286#
[PollExecuteTaskStatusExecution] 42bfd433-a562-4d5f-b4b1-2970d7ec218d [2026-05-17T17:44:30.212762] Merging... ok (0s 28ms) (STDOUT, APP/TASK/deploy)#
#2026 05 17 17:44:39.368#Z#DEBUG#ce142cac-5217-11f1-9eb0-eeee0a904712.bookscapm-db-deployer#flowable-async-job-executor-thread-1286#
[PollExecuteTaskStatusExecution] 42bfd433-a562-4d5f-b4b1-2970d7ec218d [2026-05-17T17:44:30.212820] Calculating dependencies... ok (0s 140ms) (STDOUT, APP/TASK/deploy)#
#2026 05 17 17:44:39.368#Z#DEBUG#ce142cac-5217-11f1-9eb0-eeee0a904712.bookscapm-db-deployer#flowable-async-job-executor-thread-1286#
[PollExecuteTaskStatusExecution] 42bfd433-a562-4d5f-b4b1-2970d7ec218d [2026-05-17T17:44:30.212875] Processing work list... (STDOUT, APP/TASK/deploy)#
#2026 05 17 17:44:39.368#Z#DEBUG#ce142cac-5217-11f1-9eb0-eeee0a904712.bookscapm-db-deployer#flowable-async-job-executor-thread-1286#
[PollExecuteTaskStatusExecution] 42bfd433-a562-4d5f-b4b1-2970d7ec218d [2026-05-17T17:44:30.212935] Deploying "src/gen/cds.outbox.Messages.hdbtable"... (STDOUT, APP/TASK/deploy)#
#2026 05 17 17:44:39.368#Z#DEBUG#ce142cac-5217-11f1-9eb0-eeee0a904712.bookscapm-db-deployer#flowable-async-job-executor-thread-1286#
[PollExecuteTaskStatusExecution] 42bfd433-a562-4d5f-b4b1-2970d7ec218d [2026-05-17T17:44:30.212989] Deploying "src/gen/data/db-books.Books.csv"... (STDOUT, APP/TASK/deploy)#
#2026 05 17 17:44:39.368#Z#DEBUG#ce142cac-5217-11f1-9eb0-eeee0a904712.bookscapm-db-deployer#flowable-async-job-executor-thread-1286#
[PollExecuteTaskStatusExecution] 42bfd433-a562-4d5f-b4b1-2970d7ec218d [2026-05-17T17:44:30.213056] Deploying "src/gen/data/db-books.Books.hdbtabledata"... (STDOUT, APP/TASK/deploy)#
#2026 05 17 17:44:39.368#Z#DEBUG#ce142cac-5217-11f1-9eb0-eeee0a904712.bookscapm-db-deployer#flowable-async-job-executor-thread-1286#
[PollExecuteTaskStatusExecution] 42bfd433-a562-4d5f-b4b1-2970d7ec218d [2026-05-17T17:44:30.213118] Deploying "src/gen/data/db-books.Books.hdbtabledata"... ok (0s 0ms) (STDOUT, APP/TASK/deploy)#
#2026 05 17 17:44:39.368#Z#DEBUG#ce142cac-5217-11f1-9eb0-eeee0a904712.bookscapm-db-deployer#flowable-async-job-executor-thread-1286#
[PollExecuteTaskStatusExecution] 42bfd433-a562-4d5f-b4b1-2970d7ec218d [2026-05-17T17:44:30.213180] Deploying "src/gen/db.books.Books.hdbtable"... (STDOUT, APP/TASK/deploy)#
#2026 05 17 17:44:39.368#Z#DEBUG#ce142cac-5217-11f1-9eb0-eeee0a904712.bookscapm-db-deployer#flowable-async-job-executor-thread-1286#
[PollExecuteTaskStatusExecution] 42bfd433-a562-4d5f-b4b1-2970d7ec218d [2026-05-17T17:44:31.009159] Deploying "src/gen/data/db-books.Books.csv"... ok (0s 204ms) (STDOUT, APP/TASK/deploy)#
#2026 05 17 17:44:39.368#Z#DEBUG#ce142cac-5217-11f1-9eb0-eeee0a904712.bookscapm-db-deployer#flowable-async-job-executor-thread-1286#
[PollExecuteTaskStatusExecution] 42bfd433-a562-4d5f-b4b1-2970d7ec218d [2026-05-17T17:44:31.009262] Deploying "src/gen/cds.outbox.Messages.hdbtable"... ok (0s 226ms) (STDOUT, APP/TASK/deploy)#
#2026 05 17 17:44:39.368#Z#DEBUG#ce142cac-5217-11f1-9eb0-eeee0a904712.bookscapm-db-deployer#flowable-async-job-executor-thread-1286#
[PollExecuteTaskStatusExecution] 42bfd433-a562-4d5f-b4b1-2970d7ec218d [2026-05-17T17:44:31.009354] Deploying "src/gen/db.books.Books.hdbtable"... ok (0s 219ms) (STDOUT, APP/TASK/deploy)#
#2026 05 17 17:44:39.368#Z#DEBUG#ce142cac-5217-11f1-9eb0-eeee0a904712.bookscapm-db-deployer#flowable-async-job-executor-thread-1286#
[PollExecuteTaskStatusExecution] 42bfd433-a562-4d5f-b4b1-2970d7ec218d [2026-05-17T17:44:31.009411] Deploying "src/gen/data/db-books.Books.hdbtabledata$0.expand"... (STDOUT, APP/TASK/deploy)#
#2026 05 17 17:44:39.368#Z#DEBUG#ce142cac-5217-11f1-9eb0-eeee0a904712.bookscapm-db-deployer#flowable-async-job-executor-thread-1286#
[PollExecuteTaskStatusExecution] 42bfd433-a562-4d5f-b4b1-2970d7ec218d [2026-05-17T17:44:31.009423] Expanded from "src/gen/data/db-books.Books.hdbtabledata" (STDOUT, APP/TASK/deploy)#
#2026 05 17 17:44:39.368#Z#DEBUG#ce142cac-5217-11f1-9eb0-eeee0a904712.bookscapm-db-deployer#flowable-async-job-executor-thread-1286#
[PollExecuteTaskStatusExecution] 42bfd433-a562-4d5f-b4b1-2970d7ec218d [2026-05-17T17:44:31.009463] Inserted 5 records of the data source file "db-books.Books.csv" into the target table "DB_BOOKS_BOOKS" (STDOUT, APP/TASK/deploy)#
#2026 05 17 17:44:39.368#Z#DEBUG#ce142cac-5217-11f1-9eb0-eeee0a904712.bookscapm-db-deployer#flowable-async-job-executor-thread-1286#
[PollExecuteTaskStatusExecution] 42bfd433-a562-4d5f-b4b1-2970d7ec218d [2026-05-17T17:44:31.009515] Deploying "src/gen/data/db-books.Books.hdbtabledata$0.expand"... ok (0s 529ms) (STDOUT, APP/TASK/deploy)#
#2026 05 17 17:44:39.368#Z#DEBUG#ce142cac-5217-11f1-9eb0-eeee0a904712.bookscapm-db-deployer#flowable-async-job-executor-thread-1286#
[PollExecuteTaskStatusExecution] 42bfd433-a562-4d5f-b4b1-2970d7ec218d [2026-05-17T17:44:31.009569] Deploying "src/gen/LibrarySrv.BooksSet.hdbview"... (STDOUT, APP/TASK/deploy)#
#2026 05 17 17:44:39.368#Z#DEBUG#ce142cac-5217-11f1-9eb0-eeee0a904712.bookscapm-db-deployer#flowable-async-job-executor-thread-1286#
[PollExecuteTaskStatusExecution] 42bfd433-a562-4d5f-b4b1-2970d7ec218d [2026-05-17T17:44:31.009643] Deploying "src/gen/LibrarySrv.BooksSet.hdbview"... ok (0s 54ms) (STDOUT, APP/TASK/deploy)#
#2026 05 17 17:44:39.368#Z#DEBUG#ce142cac-5217-11f1-9eb0-eeee0a904712.bookscapm-db-deployer#flowable-async-job-executor-thread-1286#
[PollExecuteTaskStatusExecution] 42bfd433-a562-4d5f-b4b1-2970d7ec218d [2026-05-17T17:44:31.009692] Processing work list... ok (0s 829ms) (STDOUT, APP/TASK/deploy)#
#2026 05 17 17:44:39.368#Z#DEBUG#ce142cac-5217-11f1-9eb0-eeee0a904712.bookscapm-db-deployer#flowable-async-job-executor-thread-1286#
[PollExecuteTaskStatusExecution] 42bfd433-a562-4d5f-b4b1-2970d7ec218d [2026-05-17T17:44:31.009775] Finalizing... (STDOUT, APP/TASK/deploy)#
#2026 05 17 17:44:39.368#Z#DEBUG#ce142cac-5217-11f1-9eb0-eeee0a904712.bookscapm-db-deployer#flowable-async-job-executor-thread-1286#
[PollExecuteTaskStatusExecution] 42bfd433-a562-4d5f-b4b1-2970d7ec218d [2026-05-17T17:44:31.009837] Finalizing... ok (0s 108ms) (STDOUT, APP/TASK/deploy)#
#2026 05 17 17:44:39.368#Z#DEBUG#ce142cac-5217-11f1-9eb0-eeee0a904712.bookscapm-db-deployer#flowable-async-job-executor-thread-1286#
[PollExecuteTaskStatusExecution] 42bfd433-a562-4d5f-b4b1-2970d7ec218d [2026-05-17T17:44:31.009916] Make succeeded (0 warnings): 7 files deployed (effective 8), 0 files undeployed (effective 0), 0 dependent files redeployed (STDOUT, APP/TASK/deploy)#
#2026 05 17 17:44:39.368#Z#DEBUG#ce142cac-5217-11f1-9eb0-eeee0a904712.bookscapm-db-deployer#flowable-async-job-executor-thread-1286#
[PollExecuteTaskStatusExecution] 42bfd433-a562-4d5f-b4b1-2970d7ec218d [2026-05-17T17:44:31.009924] Making... ok (2s 116ms) (STDOUT, APP/TASK/deploy)#
#2026 05 17 17:44:39.368#Z#DEBUG#ce142cac-5217-11f1-9eb0-eeee0a904712.bookscapm-db-deployer#flowable-async-job-executor-thread-1286#
[PollExecuteTaskStatusExecution] 42bfd433-a562-4d5f-b4b1-2970d7ec218d [2026-05-17T17:44:31.009929] Enabling table replication for the container schema "C267CE7888044773AAA7C1B3CFC7C46E"... (STDOUT, APP/TASK/deploy)#
#2026 05 17 17:44:39.368#Z#DEBUG#ce142cac-5217-11f1-9eb0-eeee0a904712.bookscapm-db-deployer#flowable-async-job-executor-thread-1286#
[PollExecuteTaskStatusExecution] 42bfd433-a562-4d5f-b4b1-2970d7ec218d [2026-05-17T17:44:31.009932] Enabling table replication for the container schema "C267CE7888044773AAA7C1B3CFC7C46E"... ok (0s 10ms) (STDOUT, APP/TASK/deploy)#
#2026 05 17 17:44:39.368#Z#DEBUG#ce142cac-5217-11f1-9eb0-eeee0a904712.bookscapm-db-deployer#flowable-async-job-executor-thread-1286#
[PollExecuteTaskStatusExecution] 42bfd433-a562-4d5f-b4b1-2970d7ec218d [2026-05-17T17:44:31.009935] Starting make in the container "C267CE7888044773AAA7C1B3CFC7C46E" with 7 files to deploy, 0 files to undeploy... ok (2s 193ms) (STDOUT, APP/TASK/deploy)#
#2026 05 17 17:44:39.368#Z#DEBUG#ce142cac-5217-11f1-9eb0-eeee0a904712.bookscapm-db-deployer#flowable-async-job-executor-thread-1286#
[PollExecuteTaskStatusExecution] 42bfd433-a562-4d5f-b4b1-2970d7ec218d [2026-05-17T17:44:31.009938] Deploying to the container "C267CE7888044773AAA7C1B3CFC7C46E"... ok (2s 412ms) (STDOUT, APP/TASK/deploy)#
#2026 05 17 17:44:39.368#Z#DEBUG#ce142cac-5217-11f1-9eb0-eeee0a904712.bookscapm-db-deployer#flowable-async-job-executor-thread-1286#
[PollExecuteTaskStatusExecution] 42bfd433-a562-4d5f-b4b1-2970d7ec218d [2026-05-17T17:44:31.009983] No default-access-role handling needed; global role "C267CE7888044773AAA7C1B3CFC7C46E::access_role" will not be adapted (STDOUT, APP/TASK/deploy)#
#2026 05 17 17:44:39.368#Z#DEBUG#ce142cac-5217-11f1-9eb0-eeee0a904712.bookscapm-db-deployer#flowable-async-job-executor-thread-1286#
[PollExecuteTaskStatusExecution] 42bfd433-a562-4d5f-b4b1-2970d7ec218d [2026-05-17T17:44:31.010051] Unlocking the container "C267CE7888044773AAA7C1B3CFC7C46E"... (STDOUT, APP/TASK/deploy)#
#2026 05 17 17:44:39.368#Z#DEBUG#ce142cac-5217-11f1-9eb0-eeee0a904712.bookscapm-db-deployer#flowable-async-job-executor-thread-1286#
[PollExecuteTaskStatusExecution] 42bfd433-a562-4d5f-b4b1-2970d7ec218d [2026-05-17T17:44:31.010411] Unlocking the container "C267CE7888044773AAA7C1B3CFC7C46E"... ok (0s 0ms) (STDOUT, APP/TASK/deploy)#
#2026 05 17 17:44:39.368#Z#DEBUG#ce142cac-5217-11f1-9eb0-eeee0a904712.bookscapm-db-deployer#flowable-async-job-executor-thread-1286#
[PollExecuteTaskStatusExecution] 42bfd433-a562-4d5f-b4b1-2970d7ec218d [2026-05-17T17:44:31.010601] Deployment to container C267CE7888044773AAA7C1B3CFC7C46E done [Deployment ID: none]. (STDOUT, APP/TASK/deploy)#
#2026 05 17 17:44:39.368#Z#DEBUG#ce142cac-5217-11f1-9eb0-eeee0a904712.bookscapm-db-deployer#flowable-async-job-executor-thread-1286#
[PollExecuteTaskStatusExecution] 42bfd433-a562-4d5f-b4b1-2970d7ec218d [2026-05-17T17:44:31.011158] Deployment ended at 2026-05-17 17:44:31 (STDOUT, APP/TASK/deploy)#
#2026 05 17 17:44:39.368#Z#DEBUG#ce142cac-5217-11f1-9eb0-eeee0a904712.bookscapm-db-deployer#flowable-async-job-executor-thread-1286#
[PollExecuteTaskStatusExecution] 42bfd433-a562-4d5f-b4b1-2970d7ec218d [2026-05-17T17:44:31.011592] (4s 155ms) (STDOUT, APP/TASK/deploy)#
#2026 05 17 17:44:39.368#Z#DEBUG#ce142cac-5217-11f1-9eb0-eeee0a904712.bookscapm-db-deployer#flowable-async-job-executor-thread-1286#
[PollExecuteTaskStatusExecution] 42bfd433-a562-4d5f-b4b1-2970d7ec218d [2026-05-17T17:44:31.024239] npm notice (STDERR, APP/TASK/deploy)#
#2026 05 17 17:44:39.368#Z#DEBUG#ce142cac-5217-11f1-9eb0-eeee0a904712.bookscapm-db-deployer#flowable-async-job-executor-thread-1286#
[PollExecuteTaskStatusExecution] 42bfd433-a562-4d5f-b4b1-2970d7ec218d [2026-05-17T17:44:31.024249] npm notice New minor version of npm available! 11.6.2 -> 11.14.1 (STDERR, APP/TASK/deploy)#
#2026 05 17 17:44:39.368#Z#DEBUG#ce142cac-5217-11f1-9eb0-eeee0a904712.bookscapm-db-deployer#flowable-async-job-executor-thread-1286#
[PollExecuteTaskStatusExecution] 42bfd433-a562-4d5f-b4b1-2970d7ec218d [2026-05-17T17:44:31.024253] npm notice Changelog: https://github.com/npm/cli/releases/tag/v11.14.1 (STDERR, APP/TASK/deploy)#
#2026 05 17 17:44:39.368#Z#DEBUG#ce142cac-5217-11f1-9eb0-eeee0a904712.bookscapm-db-deployer#flowable-async-job-executor-thread-1286#
[PollExecuteTaskStatusExecution] 42bfd433-a562-4d5f-b4b1-2970d7ec218d [2026-05-17T17:44:31.024256] npm notice To update run: npm install -g npm@11.14.1 (STDERR, APP/TASK/deploy)#
#2026 05 17 17:44:39.368#Z#DEBUG#ce142cac-5217-11f1-9eb0-eeee0a904712.bookscapm-db-deployer#flowable-async-job-executor-thread-1286#
[PollExecuteTaskStatusExecution] 42bfd433-a562-4d5f-b4b1-2970d7ec218d [2026-05-17T17:44:31.024258] npm notice (STDERR, APP/TASK/deploy)#
#2026 05 17 17:44:39.368#Z#DEBUG#ce142cac-5217-11f1-9eb0-eeee0a904712.bookscapm-db-deployer#flowable-async-job-executor-thread-1286#
[PollExecuteTaskStatusExecution] 42bfd433-a562-4d5f-b4b1-2970d7ec218d [2026-05-17T17:44:31.097033] Exit status 0 (STDOUT, APP/TASK/deploy)#
#2026 05 17 17:44:39.368#Z#DEBUG#ce142cac-5217-11f1-9eb0-eeee0a904712.bookscapm-db-deployer#flowable-async-job-executor-thread-1286#
[PollExecuteTaskStatusExecution] 42bfd433-a562-4d5f-b4b1-2970d7ec218d [2026-05-17T17:44:31.821487] Cell 3697da87-6170-41a4-acb7-9186f1527dfa stopping instance 1003d48a-d3b4-4ac1-8e14-56e85d687012 (STDOUT, CELL)#
#2026 05 17 17:44:39.368#Z#DEBUG#ce142cac-5217-11f1-9eb0-eeee0a904712.bookscapm-db-deployer#flowable-async-job-executor-thread-1286#
[PollExecuteTaskStatusExecution] 42bfd433-a562-4d5f-b4b1-2970d7ec218d [2026-05-17T17:44:31.821547] Cell 3697da87-6170-41a4-acb7-9186f1527dfa destroying container for instance 1003d48a-d3b4-4ac1-8e14-56e85d687012 (STDOUT, CELL)#
#2026 05 17 17:44:39.368#Z#DEBUG#ce142cac-5217-11f1-9eb0-eeee0a904712.bookscapm-db-deployer#flowable-async-job-executor-thread-1286#
[PollExecuteTaskStatusExecution] 42bfd433-a562-4d5f-b4b1-2970d7ec218d [2026-05-17T17:44:35.053135] Cell 3697da87-6170-41a4-acb7-9186f1527dfa successfully destroyed container for instance 1003d48a-d3b4-4ac1-8e14-56e85d687012 (STDOUT, CELL)#
